Archive member included to satisfy reference by file (symbol)

app/libapp.a(main.c.obj)      (--whole-archive)
zephyr/libzephyr.a(heap.c.obj)
                              (--whole-archive)
zephyr/libzephyr.a(cbprintf_packaged.c.obj)
                              (--whole-archive)
zephyr/libzephyr.a(printk.c.obj)
                              (--whole-archive)
zephyr/libzephyr.a(sem.c.obj)
                              (--whole-archive)
zephyr/libzephyr.a(thread_entry.c.obj)
                              (--whole-archive)
zephyr/libzephyr.a(cbprintf_complete.c.obj)
                              (--whole-archive)
zephyr/libzephyr.a(assert.c.obj)
                              (--whole-archive)
zephyr/libzephyr.a(mpsc_pbuf.c.obj)
                              (--whole-archive)
zephyr/libzephyr.a(dec.c.obj)
                              (--whole-archive)
zephyr/libzephyr.a(hex.c.obj)
                              (--whole-archive)
zephyr/libzephyr.a(rb.c.obj)  (--whole-archive)
zephyr/libzephyr.a(timeutil.c.obj)
                              (--whole-archive)
zephyr/libzephyr.a(bitarray.c.obj)
                              (--whole-archive)
zephyr/libzephyr.a(onoff.c.obj)
                              (--whole-archive)
zephyr/libzephyr.a(notify.c.obj)
                              (--whole-archive)
zephyr/libzephyr.a(ring_buffer.c.obj)
                              (--whole-archive)
zephyr/libzephyr.a(last_section_id.c.obj)
                              (--whole-archive)
zephyr/libzephyr.a(configs.c.obj)
                              (--whole-archive)
zephyr/libzephyr.a(log_core.c.obj)
                              (--whole-archive)
zephyr/libzephyr.a(log_mgmt.c.obj)
                              (--whole-archive)
zephyr/libzephyr.a(log_cache.c.obj)
                              (--whole-archive)
zephyr/libzephyr.a(log_msg.c.obj)
                              (--whole-archive)
zephyr/libzephyr.a(log_output.c.obj)
                              (--whole-archive)
zephyr/libzephyr.a(log_backend_uart.c.obj)
                              (--whole-archive)
zephyr/libzephyr.a(mem_attr.c.obj)
                              (--whole-archive)
zephyr/libzephyr.a(tracing_none.c.obj)
                              (--whole-archive)
zephyr/libzephyr.a(usb_device.c.obj)
                              (--whole-archive)
zephyr/libzephyr.a(usb_descriptor.c.obj)
                              (--whole-archive)
zephyr/libzephyr.a(usb_transfer.c.obj)
                              (--whole-archive)
zephyr/libzephyr.a(banner.c.obj)
                              (--whole-archive)
zephyr/libzephyr.a(flash_map_partition_manager.c.obj)
                              (--whole-archive)
zephyr/libzephyr.a(nrf_cc3xx_platform_abort_zephyr.c.obj)
                              (--whole-archive)
zephyr/libzephyr.a(nrf_cc3xx_platform_mutex_zephyr.c.obj)
                              (--whole-archive)
zephyr/arch/common/libarch__common.a(sw_isr_common.c.obj)
                              (--whole-archive)
zephyr/arch/arch/arm/core/libarch__arm__core.a(fatal.c.obj)
                              (--whole-archive)
zephyr/arch/arch/arm/core/libarch__arm__core.a(nmi.c.obj)
                              (--whole-archive)
zephyr/arch/arch/arm/core/libarch__arm__core.a(nmi_on_reset.S.obj)
                              (--whole-archive)
zephyr/arch/arch/arm/core/libarch__arm__core.a(tls.c.obj)
                              (--whole-archive)
zephyr/arch/arch/arm/core/cortex_m/libarch__arm__core__cortex_m.a(exc_exit.c.obj)
                              (--whole-archive)
zephyr/arch/arch/arm/core/cortex_m/libarch__arm__core__cortex_m.a(fault.c.obj)
                              (--whole-archive)
zephyr/arch/arch/arm/core/cortex_m/libarch__arm__core__cortex_m.a(fault_s.S.obj)
                              (--whole-archive)
zephyr/arch/arch/arm/core/cortex_m/libarch__arm__core__cortex_m.a(fpu.c.obj)
                              (--whole-archive)
zephyr/arch/arch/arm/core/cortex_m/libarch__arm__core__cortex_m.a(reset.S.obj)
                              (--whole-archive)
zephyr/arch/arch/arm/core/cortex_m/libarch__arm__core__cortex_m.a(scb.c.obj)
                              (--whole-archive)
zephyr/arch/arch/arm/core/cortex_m/libarch__arm__core__cortex_m.a(thread_abort.c.obj)
                              (--whole-archive)
zephyr/arch/arch/arm/core/cortex_m/libarch__arm__core__cortex_m.a(vector_table.S.obj)
                              (--whole-archive)
zephyr/arch/arch/arm/core/cortex_m/libarch__arm__core__cortex_m.a(swap_helper.S.obj)
                              (--whole-archive)
zephyr/arch/arch/arm/core/cortex_m/libarch__arm__core__cortex_m.a(irq_manage.c.obj)
                              (--whole-archive)
zephyr/arch/arch/arm/core/cortex_m/libarch__arm__core__cortex_m.a(prep_c.c.obj)
                              (--whole-archive)
zephyr/arch/arch/arm/core/cortex_m/libarch__arm__core__cortex_m.a(thread.c.obj)
[...]
Memory Configuration

Name             Origin             Length             Attributes
FLASH            0x0000000000000000 0x0000000000100000 xr
RAM              0x0000000020000000 0x0000000000040000 xw
IDT_LIST         0x00000000ffff7fff 0x0000000000008000 xw
*default*        0x0000000000000000 0xffffffffffffffff

Linker script and memory map

                0x0000000000008fa4                vfprintf = __l_vfprintf
                0x0000000000000000                vfscanf = __l_vfscanf
LOAD zephyr/CMakeFiles/zephyr_pre0.dir/misc/empty_file.c.obj
LOAD zephyr/CMakeFiles/offsets.dir/./arch/arm/core/offsets/offsets.c.obj
LOAD app/libapp.a
LOAD zephyr/libzephyr.a
LOAD zephyr/arch/common/libarch__common.a
LOAD zephyr/arch/arch/arm/core/libarch__arm__core.a
LOAD zephyr/arch/arch/arm/core/cortex_m/libarch__arm__core__cortex_m.a
LOAD zephyr/arch/arch/arm/core/mpu/libarch__arm__core__mpu.a
LOAD zephyr/lib/libc/picolibc/liblib__libc__picolibc.a
LOAD zephyr/lib/libc/common/liblib__libc__common.a
LOAD zephyr/soc/soc/nrf52840/libsoc__nordic.a
LOAD zephyr/subsys/usb/device/class/hid/libsubsys__usb__device__class__hid.a
LOAD zephyr/subsys/input/libsubsys__input.a
LOAD zephyr/drivers/usb/device/libdrivers__usb__device.a
LOAD zephyr/drivers/usb/common/nrf_usbd_common/libdrivers__usb__common__nrf_usbd_common.a
LOAD zephyr/drivers/clock_control/libdrivers__clock_control.a
LOAD zephyr/drivers/console/libdrivers__console.a
LOAD zephyr/drivers/gpio/libdrivers__gpio.a
LOAD zephyr/drivers/hwinfo/libdrivers__hwinfo.a
LOAD zephyr/drivers/input/libdrivers__input.a
LOAD zephyr/drivers/pinctrl/libdrivers__pinctrl.a
LOAD zephyr/drivers/serial/libdrivers__serial.a
LOAD zephyr/drivers/timer/libdrivers__timer.a
LOAD modules/nrf/drivers/hw_cc3xx/lib..__nrf__drivers__hw_cc3xx.a
LOAD modules/hal_nordic/modules/hal_nordic/nrfx/libmodules__hal_nordic__nrfx.a
LOAD zephyr/kernel/libkernel.a
LOAD zephyr/arch/common/libisr_tables.a
LOAD C:/ncs/v3.1.0/nrfxlib/crypto/nrf_cc310_platform/lib/cortex-m4/soft-float/no-interrupts/libnrf_cc310_platform_0.9.19.a
LOAD c:\ncs\toolchains\b8b84efebd\opt\zephyr-sdk\arm-zephyr-eabi\bin\../lib/gcc/../../picolibc/arm-zephyr-eabi/lib/thumb/v7e-m/nofp\libc.a
LOAD c:/ncs/toolchains/b8b84efebd/opt/zephyr-sdk/arm-zephyr-eabi/bin/../lib/gcc/arm-zephyr-eabi/12.2.0/thumb/v7e-m/nofp\libgcc.a
                0x0000000000000020                _region_min_align = 0x20

.rel.plt        0x0000000000000000        0x0
 *(SORT_BY_ALIGNMENT(.rel.plt))
                [!provide]                        PROVIDE (__rel_iplt_start = .)
 *(SORT_BY_ALIGNMENT(.rel.iplt))
 .rel.iplt      0x0000000000000000        0x0 app/libapp.a(main.c.obj)
                [!provide]                        PROVIDE (__rel_iplt_end = .)

.rela.plt       0x0000000000000000        0x0
 *(SORT_BY_ALIGNMENT(.rela.plt))
                [!provide]                        PROVIDE (__rela_iplt_start = .)
 *(SORT_BY_ALIGNMENT(.rela.iplt))
                [!provide]                        PROVIDE (__rela_iplt_end = .)

.rel.dyn
 *(SORT_BY_ALIGNMENT(.rel.*))

.rela.dyn
 *(SORT_BY_ALIGNMENT(.rela.*))

/DISCARD/
 *(SORT_BY_ALIGNMENT(.plt))

/DISCARD/
 *(SORT_BY_ALIGNMENT(.iplt))
                0x0000000000000000                __rom_region_start = 0x0

rom_start       0x0000000000000000      0x100
                0x0000000000000000                __rom_start_address = .
 FILL mask 0x00
                0x0000000000000000                . = (. + (0x0 - (. - __rom_start_address)))
                0x0000000000000000                . = ALIGN (0x4)
                0x0000000000000000                . = ALIGN (0x80)
                0x0000000000000000                . = ALIGN (0x100)
                0x0000000000000000                _vector_start = .
 *(SORT_BY_ALIGNMENT(.exc_vector_table))
 *(SORT_BY_ALIGNMENT(.exc_vector_table.*))
 .exc_vector_table._vector_table_section
                0x0000000000000000       0x40 zephyr/arch/arch/arm/core/cortex_m/libarch__arm__core__cortex_m.a(vector_table.S.obj)
                0x0000000000000000                _vector_table
 *(SORT_BY_ALIGNMENT(.vectors))
                0x0000000000000100                _vector_end = .
                0x0000000000000040                . = ALIGN (0x4)
 *(SORT_BY_ALIGNMENT(.gnu.linkonce.irq_vector_table*))
 .gnu.linkonce.irq_vector_table
                0x0000000000000040       0xc0 zephyr/arch/common/libisr_tables.a(isr_tables.c.obj)
                0x0000000000000040                _irq_vector_table
                0x0000000000000100                _vector_end = .

text            0x0000000000000100     0xb174
                0x0000000000000100                __text_region_start = .
 *(SORT_BY_ALIGNMENT(.text))
 .text          0x0000000000000100       0x30 c:/ncs/toolchains/b8b84efebd/opt/zephyr-sdk/arm-zephyr-eabi/bin/../lib/gcc/arm-zephyr-eabi/12.2.0/thumb/v7e-m/nofp\libgcc.a(_aeabi_uldivmod.o)
                0x0000000000000100                __aeabi_uldivmod
 .text          0x0000000000000130        0x4 c:/ncs/toolchains/b8b84efebd/opt/zephyr-sdk/arm-zephyr-eabi/bin/../lib/gcc/arm-zephyr-eabi/12.2.0/thumb/v7e-m/nofp\libgcc.a(_dvmd_tls.o)
                0x0000000000000130                __aeabi_idiv0
                0x0000000000000130                __aeabi_ldiv0
 .text          0x0000000000000134       0x14 c:\ncs\toolchains\b8b84efebd\opt\zephyr-sdk\arm-zephyr-eabi\bin\../lib/gcc/../../picolibc/arm-zephyr-eabi/lib/thumb/v7e-m/nofp\libc.a(strcmp.S.o)
                0x0000000000000134                strcmp
 .text          0x0000000000000148       0x10 c:\ncs\toolchains\b8b84efebd\opt\zephyr-sdk\arm-zephyr-eabi\bin\../lib/gcc/../../picolibc/arm-zephyr-eabi/lib/thumb/v7e-m/nofp\libc.a(strlen.S.o)
                0x0000000000000148                strlen
 .text          0x0000000000000158      0x2a0 c:/ncs/toolchains/b8b84efebd/opt/zephyr-sdk/arm-zephyr-eabi/bin/../lib/gcc/arm-zephyr-eabi/12.2.0/thumb/v7e-m/nofp\libgcc.a(_udivmoddi4.o)
                0x0000000000000158                __udivmoddi4
 *(SORT_BY_ALIGNMENT(.text.*))
 .text.status_cb
                0x00000000000003f8        0xc app/libapp.a(main.c.obj)
 .text.int_in_ready_cb
                0x0000000000000404        0xc app/libapp.a(main.c.obj)
 .text.input_cb
                0x0000000000000410       0xc8 app/libapp.a(main.c.obj)
 .text.main     0x00000000000004d8      0x12c app/libapp.a(main.c.obj)
                0x00000000000004d8                main
 .text.cbvprintf_package
                0x0000000000000604      0x3a4 zephyr/libzephyr.a(cbprintf_packaged.c.obj)
                0x0000000000000604                cbvprintf_package
 .text.cbprintf_package_convert
                0x00000000000009a8      0x3cc zephyr/libzephyr.a(cbprintf_packaged.c.obj)
                0x00000000000009a8                cbprintf_package_convert
 .text.__printk_hook_install
                0x0000000000000d74        0xc zephyr/libzephyr.a(printk.c.obj)
                0x0000000000000d74                __printk_hook_install
 .text.z_thread_entry
                0x0000000000000d80       0x34 zephyr/libzephyr.a(thread_entry.c.obj)
                0x0000000000000d80                z_thread_entry
 .text.process_event
                0x0000000000000db4      0x21c zephyr/libzephyr.a(onoff.c.obj)
 .text.activate_foreach_backend
                0x0000000000000fd0       0x64 zephyr/libzephyr.a(log_core.c.obj)
 .text.enable_logger
                0x0000000000001034       0x5c zephyr/libzephyr.a(log_core.c.obj)
 .text.log_process_thread_timer_expiry_fn
                0x0000000000001090        0xc zephyr/libzephyr.a(log_core.c.obj)
 .text.z_log_init
                0x000000000000109c       0x98 zephyr/libzephyr.a(log_core.c.obj)
 .text.log_format_func_t_get
                0x0000000000001134        0xc zephyr/libzephyr.a(log_core.c.obj)
                0x0000000000001134                log_format_func_t_get
 .text.log_set_timestamp_func
                0x0000000000001140       0x20 zephyr/libzephyr.a(log_core.c.obj)
                0x0000000000001140                log_set_timestamp_func
 .text.z_log_notify_backend_enabled
                0x0000000000001160       0x1c zephyr/libzephyr.a(log_core.c.obj)
                0x0000000000001160                z_log_notify_backend_enabled
 .text.z_log_dropped
                0x000000000000117c       0x44 zephyr/libzephyr.a(log_core.c.obj)
                0x000000000000117c                z_log_dropped
 .text.z_log_dropped_read_and_clear
                0x00000000000011c0       0x20 zephyr/libzephyr.a(log_core.c.obj)
                0x00000000000011c0                z_log_dropped_read_and_clear
 .text.dropped_notify
                0x00000000000011e0       0x30 zephyr/libzephyr.a(log_core.c.obj)
                0x00000000000011e0                dropped_notify
 .text.z_log_msg_init
                0x0000000000001210       0x20 zephyr/libzephyr.a(log_core.c.obj)
                0x0000000000001210                z_log_msg_init
 .text.log_core_init
                0x0000000000001230       0x50 zephyr/libzephyr.a(log_core.c.obj)
                0x0000000000001230                log_core_init
 .text.z_log_msg_alloc
                0x0000000000001280       0x10 zephyr/libzephyr.a(log_core.c.obj)
                0x0000000000001280                z_log_msg_alloc
 .text.z_log_msg_local_claim
                0x0000000000001290        0xc zephyr/libzephyr.a(log_core.c.obj)
                0x0000000000001290                z_log_msg_local_claim
 .text.z_log_msg_free
                0x000000000000129c       0x10 zephyr/libzephyr.a(log_core.c.obj)
                0x000000000000129c                z_log_msg_free
 .text.z_log_msg_pending
                0x00000000000012ac        0xc zephyr/libzephyr.a(log_core.c.obj)
                0x00000000000012ac                z_log_msg_pending
 .text.z_impl_log_process
                0x00000000000012b8       0xc0 zephyr/libzephyr.a(log_core.c.obj)
                0x00000000000012b8                z_impl_log_process
 .text.z_impl_log_panic
                0x0000000000001378       0x44 zephyr/libzephyr.a(log_core.c.obj)
                0x0000000000001378                z_impl_log_panic
 .text.log_process_thread_func
                0x00000000000013bc       0xa4 zephyr/libzephyr.a(log_core.c.obj)
 .text.z_log_msg_post_finalize
                0x0000000000001460       0x78 zephyr/libzephyr.a(log_core.c.obj)
 .text.z_log_msg_commit
                0x00000000000014d8       0x24 zephyr/libzephyr.a(log_core.c.obj)
                0x00000000000014d8                z_log_msg_commit
 .text.log_source_name_get
                0x00000000000014fc       0x1c zephyr/libzephyr.a(log_mgmt.c.obj)
                0x00000000000014fc                log_source_name_get
 .text.z_impl_z_log_msg_static_create
                0x0000000000001518      0x108 zephyr/libzephyr.a(log_msg.c.obj)
                0x0000000000001518                z_impl_z_log_msg_static_create
 .text.z_log_msg_runtime_vcreate
                0x0000000000001620       0xa0 zephyr/libzephyr.a(log_msg.c.obj)
                0x0000000000001620                z_log_msg_runtime_vcreate
 .text.log_msg_get_source_id
                0x00000000000016c0       0x18 zephyr/libzephyr.a(log_msg.c.obj)
                0x00000000000016c0                log_msg_get_source_id
 .text.print_formatted
                0x00000000000016d8       0x24 zephyr/libzephyr.a(log_output.c.obj)
 .text.newline_print
                0x00000000000016fc       0x1c zephyr/libzephyr.a(log_output.c.obj)
 .text.log_output_process
                0x0000000000001718      0x2d4 zephyr/libzephyr.a(log_output.c.obj)
                0x0000000000001718                log_output_process
 .text.log_output_dropped_process
                0x00000000000019ec       0x58 zephyr/libzephyr.a(log_output.c.obj)
                0x00000000000019ec                log_output_dropped_process
 .text.log_output_timestamp_freq_set
                0x0000000000001a44       0x2c zephyr/libzephyr.a(log_output.c.obj)
                0x0000000000001a44                log_output_timestamp_freq_set
 .text.char_out
                0x0000000000001a70       0x24 zephyr/libzephyr.a(log_backend_uart.c.obj)
 .text.mem_attr_get_regions
                0x0000000000001a94        0xc zephyr/libzephyr.a(mem_attr.c.obj)
                0x0000000000001a94                mem_attr_get_regions
 .text.class_handler
                0x0000000000001aa0       0x44 zephyr/libzephyr.a(usb_device.c.obj)
 .text.custom_handler
                0x0000000000001ae4       0x64 zephyr/libzephyr.a(usb_device.c.obj)
 .text.vendor_handler
                0x0000000000001b48       0x3c zephyr/libzephyr.a(usb_device.c.obj)
 .text.usb_reset_alt_setting
                0x0000000000001b84       0x10 zephyr/libzephyr.a(usb_device.c.obj)
 .text.is_ep_valid.part.0
                0x0000000000001b94       0x38 zephyr/libzephyr.a(usb_device.c.obj)
 .text.usb_halt_endpoint_req
                0x0000000000001bcc       0x54 zephyr/libzephyr.a(usb_device.c.obj)
 .text.usb_handle_request.constprop.0
                0x0000000000001c20       0x2c zephyr/libzephyr.a(usb_device.c.obj)
 .text.get_ep_bm_from_addr.part.0
                0x0000000000001c4c       0x1c zephyr/libzephyr.a(usb_device.c.obj)
 .text.forward_status_cb
                0x0000000000001c68       0xb0 zephyr/libzephyr.a(usb_device.c.obj)
 .text.disable_endpoint
                0x0000000000001d18       0x48 zephyr/libzephyr.a(usb_device.c.obj)
 .text.set_endpoint
                0x0000000000001d60       0xa4 zephyr/libzephyr.a(usb_device.c.obj)
 .text.usb_handle_standard_request
                0x0000000000001e04      0x2f4 zephyr/libzephyr.a(usb_device.c.obj)
 .text.usb_data_to_host
                0x00000000000020f8       0x60 zephyr/libzephyr.a(usb_device.c.obj)
 .text.usb_handle_control_transfer
                0x0000000000002158       0xf4 zephyr/libzephyr.a(usb_device.c.obj)
 .text.usb_wakeup_request
                0x000000000000224c       0x18 zephyr/libzephyr.a(usb_device.c.obj)
                0x000000000000224c                usb_wakeup_request
 .text.usb_set_config
                0x0000000000002264       0x2c zephyr/libzephyr.a(usb_device.c.obj)
                0x0000000000002264                usb_set_config
 .text.usb_enable
                0x0000000000002290      0x158 zephyr/libzephyr.a(usb_device.c.obj)
                0x0000000000002290                usb_enable
 .text.usb_update_sn_string_descriptor
                0x00000000000023e8       0x88 zephyr/libzephyr.a(usb_descriptor.c.obj)
                0x00000000000023e8                usb_update_sn_string_descriptor
 .text.usb_get_device_descriptor
                0x0000000000002470      0x240 zephyr/libzephyr.a(usb_descriptor.c.obj)
                0x0000000000002470                usb_get_device_descriptor
 .text.usb_ep_get_transfer
                0x00000000000026b0       0x2c zephyr/libzephyr.a(usb_transfer.c.obj)
 .text.usb_transfer_work
                0x00000000000026dc      0x118 zephyr/libzephyr.a(usb_transfer.c.obj)
 .text.usb_cancel_transfer
                0x00000000000027f4       0x3c zephyr/libzephyr.a(usb_transfer.c.obj)
                0x00000000000027f4                usb_cancel_transfer
 .text.usb_cancel_transfers
                0x0000000000002830       0x44 zephyr/libzephyr.a(usb_transfer.c.obj)
                0x0000000000002830                usb_cancel_transfers
 .text.usb_transfer_init
                0x0000000000002874       0x34 zephyr/libzephyr.a(usb_transfer.c.obj)
                0x0000000000002874                usb_transfer_init
 .text.boot_banner
                0x00000000000028a8       0x1c zephyr/libzephyr.a(banner.c.obj)
                0x00000000000028a8                boot_banner
 .text.nrf_cc3xx_platform_abort_init
                0x00000000000028c4        0xc zephyr/libzephyr.a(nrf_cc3xx_platform_abort_zephyr.c.obj)
                0x00000000000028c4                nrf_cc3xx_platform_abort_init
 .text.mutex_free_platform
                0x00000000000028d0       0x54 zephyr/libzephyr.a(nrf_cc3xx_platform_mutex_zephyr.c.obj)
 .text.mutex_lock_platform
                0x0000000000002924       0x60 zephyr/libzephyr.a(nrf_cc3xx_platform_mutex_zephyr.c.obj)
 .text.mutex_unlock_platform
                0x0000000000002984       0x58 zephyr/libzephyr.a(nrf_cc3xx_platform_mutex_zephyr.c.obj)
 .text.mutex_init_platform
                0x00000000000029dc       0x94 zephyr/libzephyr.a(nrf_cc3xx_platform_mutex_zephyr.c.obj)
 .text.nrf_cc3xx_platform_mutex_init
                0x0000000000002a70       0x2c zephyr/libzephyr.a(nrf_cc3xx_platform_mutex_zephyr.c.obj)
                0x0000000000002a70                nrf_cc3xx_platform_mutex_init
 .text.z_arm_fatal_error
                0x0000000000002a9c       0xb8 zephyr/arch/arch/arm/core/libarch__arm__core.a(fatal.c.obj)
                0x0000000000002a9c                z_arm_fatal_error
 .text.z_SysNmiOnReset
                0x0000000000002b54        0x8 zephyr/arch/arch/arm/core/libarch__arm__core.a(nmi_on_reset.S.obj)
                0x0000000000002b54                z_SysNmiOnReset
 .text.arch_tls_stack_setup
                0x0000000000002b5c       0x40 zephyr/arch/arch/arm/core/libarch__arm__core.a(tls.c.obj)
                0x0000000000002b5c                arch_tls_stack_setup
 .text._HandlerModeExit
                0x0000000000002b9c       0x20 zephyr/arch/arch/arm/core/cortex_m/libarch__arm__core__cortex_m.a(exc_exit.c.obj)
                0x0000000000002b9c                z_arm_int_exit
                0x0000000000002b9c                z_arm_exc_exit
 .text.bus_fault.constprop.0
                0x0000000000002bbc       0xd0 zephyr/arch/arch/arm/core/cortex_m/libarch__arm__core__cortex_m.a(fault.c.obj)
 .text.usage_fault.constprop.0
                0x0000000000002c8c       0xa8 zephyr/arch/arch/arm/core/cortex_m/libarch__arm__core__cortex_m.a(fault.c.obj)
 .text.mem_manage_fault
                0x0000000000002d34      0x104 zephyr/arch/arch/arm/core/cortex_m/libarch__arm__core__cortex_m.a(fault.c.obj)
 .text.z_arm_fault
                0x0000000000002e38      0x1d4 zephyr/arch/arch/arm/core/cortex_m/libarch__arm__core__cortex_m.a(fault.c.obj)
                0x0000000000002e38                z_arm_fault
 .text.z_arm_fault_init
                0x000000000000300c       0x18 zephyr/arch/arch/arm/core/cortex_m/libarch__arm__core__cortex_m.a(fault.c.obj)
                0x000000000000300c                z_arm_fault_init
 .text.__fault  0x0000000000003024       0x14 zephyr/arch/arch/arm/core/cortex_m/libarch__arm__core__cortex_m.a(fault_s.S.obj)
                0x0000000000003024                z_arm_usage_fault
                0x0000000000003024                z_arm_mpu_fault
                0x0000000000003024                z_arm_exc_spurious
                0x0000000000003024                z_arm_debug_monitor
                0x0000000000003024                z_arm_hard_fault
                0x0000000000003024                z_arm_bus_fault
 .text._reset_section
                0x0000000000003038       0x54 zephyr/arch/arch/arm/core/cortex_m/libarch__arm__core__cortex_m.a(reset.S.obj)
                0x0000000000003038                __start
                0x0000000000003038                z_arm_reset
 .text.z_arm_clear_arm_mpu_config
                0x000000000000308c       0x24 zephyr/arch/arch/arm/core/cortex_m/libarch__arm__core__cortex_m.a(scb.c.obj)
                0x000000000000308c                z_arm_clear_arm_mpu_config
 .text.z_arm_init_arch_hw_at_boot
                0x00000000000030b0       0x64 zephyr/arch/arch/arm/core/cortex_m/libarch__arm__core__cortex_m.a(scb.c.obj)
                0x00000000000030b0                z_arm_init_arch_hw_at_boot
 .text.z_impl_k_thread_abort
                0x0000000000003114       0x2c zephyr/arch/arch/arm/core/cortex_m/libarch__arm__core__cortex_m.a(thread_abort.c.obj)
                0x0000000000003114                z_impl_k_thread_abort
 .text.z_arm_pendsv
                0x0000000000003140       0x60 zephyr/arch/arch/arm/core/cortex_m/libarch__arm__core__cortex_m.a(swap_helper.S.obj)
                0x0000000000003140                z_arm_pendsv
 .text.z_arm_svc
                0x00000000000031a0       0x24 zephyr/arch/arch/arm/core/cortex_m/libarch__arm__core__cortex_m.a(swap_helper.S.obj)
                0x00000000000031a0                z_arm_svc
 .text.arm_irq_enable
                0x00000000000031c4       0x1c zephyr/arch/arch/arm/core/cortex_m/libarch__arm__core__cortex_m.a(irq_manage.c.obj)
                0x00000000000031c4                arm_irq_enable
 .text.arm_irq_disable
                0x00000000000031e0       0x28 zephyr/arch/arch/arm/core/cortex_m/libarch__arm__core__cortex_m.a(irq_manage.c.obj)
                0x00000000000031e0                arm_irq_disable
 .text.arm_irq_is_enabled
                0x0000000000003208       0x1c zephyr/arch/arch/arm/core/cortex_m/libarch__arm__core__cortex_m.a(irq_manage.c.obj)
                0x0000000000003208                arm_irq_is_enabled
 .text.arm_irq_priority_set
                0x0000000000003224       0x30 zephyr/arch/arch/arm/core/cortex_m/libarch__arm__core__cortex_m.a(irq_manage.c.obj)
                0x0000000000003224                arm_irq_priority_set
 .text.relocate_vector_table
                0x0000000000003254       0x1c zephyr/arch/arch/arm/core/cortex_m/libarch__arm__core__cortex_m.a(prep_c.c.obj)
                0x0000000000003254                relocate_vector_table
 .text.z_prep_c
                0x0000000000003270       0x28 zephyr/arch/arch/arm/core/cortex_m/libarch__arm__core__cortex_m.a(prep_c.c.obj)
                0x0000000000003270                z_prep_c
 .text.arch_new_thread
                0x0000000000003298       0x38 zephyr/arch/arch/arm/core/cortex_m/libarch__arm__core__cortex_m.a(thread.c.obj)
                0x0000000000003298                arch_new_thread
 .text.z_check_thread_stack_fail
                0x00000000000032d0       0x2c zephyr/arch/arch/arm/core/cortex_m/libarch__arm__core__cortex_m.a(thread.c.obj)
                0x00000000000032d0                z_check_thread_stack_fail
 .text.arch_switch_to_main_thread
                0x00000000000032fc       0x3c zephyr/arch/arch/arm/core/cortex_m/libarch__arm__core__cortex_m.a(thread.c.obj)
                0x00000000000032fc                arch_switch_to_main_thread
 .text.z_arm_cpu_idle_init
                0x0000000000003338        0xc zephyr/arch/arch/arm/core/cortex_m/libarch__arm__core__cortex_m.a(cpu_idle.c.obj)
                0x0000000000003338                z_arm_cpu_idle_init
 .text.z_arm_interrupt_init
                0x0000000000003344       0x18 zephyr/arch/arch/arm/core/cortex_m/libarch__arm__core__cortex_m.a(irq_init.c.obj)
                0x0000000000003344                z_arm_interrupt_init
 .text._isr_wrapper
                0x000000000000335c       0x24 zephyr/arch/arch/arm/core/cortex_m/libarch__arm__core__cortex_m.a(isr_wrapper.c.obj)
                0x000000000000335c                _isr_wrapper
 .text.z_arm_configure_static_mpu_regions
                0x0000000000003380       0x18 zephyr/arch/arch/arm/core/mpu/libarch__arm__core__mpu.a(arm_core_mpu.c.obj)
                0x0000000000003380                z_arm_configure_static_mpu_regions
 .text.z_arm_configure_dynamic_mpu_regions
                0x0000000000003398       0x20 zephyr/arch/arch/arm/core/mpu/libarch__arm__core__mpu.a(arm_core_mpu.c.obj)
                0x0000000000003398                z_arm_configure_dynamic_mpu_regions
 .text.region_allocate_and_init
                0x00000000000033b8       0x54 zephyr/arch/arch/arm/core/mpu/libarch__arm__core__mpu.a(arm_mpu.c.obj)
 .text.mpu_configure_regions
                0x000000000000340c       0x68 zephyr/arch/arch/arm/core/mpu/libarch__arm__core__mpu.a(arm_mpu.c.obj)
 .text.arm_core_mpu_enable
                0x0000000000003474       0x18 zephyr/arch/arch/arm/core/mpu/libarch__arm__core__mpu.a(arm_mpu.c.obj)
                0x0000000000003474                arm_core_mpu_enable
 .text.arm_core_mpu_disable
                0x000000000000348c       0x14 zephyr/arch/arch/arm/core/mpu/libarch__arm__core__mpu.a(arm_mpu.c.obj)
                0x000000000000348c                arm_core_mpu_disable
 .text.arm_core_mpu_configure_static_mpu_regions
                0x00000000000034a0       0x14 zephyr/arch/arch/arm/core/mpu/libarch__arm__core__mpu.a(arm_mpu.c.obj)
                0x00000000000034a0                arm_core_mpu_configure_static_mpu_regions
 .text.arm_core_mpu_configure_dynamic_mpu_regions
                0x00000000000034b4       0x38 zephyr/arch/arch/arm/core/mpu/libarch__arm__core__mpu.a(arm_mpu.c.obj)
                0x00000000000034b4                arm_core_mpu_configure_dynamic_mpu_regions
 .text.z_arm_mpu_init
                0x00000000000034ec      0x17c zephyr/arch/arch/arm/core/mpu/libarch__arm__core__mpu.a(arm_mpu.c.obj)
                0x00000000000034ec                z_arm_mpu_init
 .text.cbvprintf
                0x0000000000003668       0x38 zephyr/lib/libc/picolibc/liblib__libc__picolibc.a(cbprintf.c.obj)
                0x0000000000003668                cbvprintf
 .text.z_impl_zephyr_fputc
                0x00000000000036a0       0x10 zephyr/lib/libc/picolibc/liblib__libc__picolibc.a(stdio.c.obj)
                0x00000000000036a0                z_impl_zephyr_fputc
 .text.__stdout_hook_install
                0x00000000000036b0       0x18 zephyr/lib/libc/picolibc/liblib__libc__picolibc.a(stdio.c.obj)
                0x00000000000036b0                __stdout_hook_install
 .text.malloc_prepare
                0x00000000000036c8       0x24 zephyr/lib/libc/common/liblib__libc__common.a(malloc.c.obj)
 .text.nordicsemi_nrf52_init
                0x00000000000036ec       0x44 zephyr/soc/soc/nrf52840/libsoc__nordic.a(soc.c.obj)
 .text.arch_busy_wait
                0x0000000000003730       0x14 zephyr/soc/soc/nrf52840/libsoc__nordic.a(soc.c.obj)
                0x0000000000003730                arch_busy_wait
 .text.hid_int_in.part.0
                0x0000000000003744       0x14 zephyr/subsys/usb/device/class/hid/libsubsys__usb__device__class__hid.a(core.c.obj)
 .text.hid_int_in
                0x0000000000003758       0x38 zephyr/subsys/usb/device/class/hid/libsubsys__usb__device__class__hid.a(core.c.obj)
 .text.hid_status_cb.part.0
                0x0000000000003790       0x2c zephyr/subsys/usb/device/class/hid/libsubsys__usb__device__class__hid.a(core.c.obj)
 .text.hid_status_cb
                0x00000000000037bc       0xcc zephyr/subsys/usb/device/class/hid/libsubsys__usb__device__class__hid.a(core.c.obj)
 .text.hid_class_handle_req
                0x0000000000003888       0x94 zephyr/subsys/usb/device/class/hid/libsubsys__usb__device__class__hid.a(core.c.obj)
 .text.hid_custom_handle_req
                0x000000000000391c       0x94 zephyr/subsys/usb/device/class/hid/libsubsys__usb__device__class__hid.a(core.c.obj)
 .text.usb_hid_register_device
                0x00000000000039b0       0x2c zephyr/subsys/usb/device/class/hid/libsubsys__usb__device__class__hid.a(core.c.obj)
                0x00000000000039b0                usb_hid_register_device
 .text.hid_int_ep_write
                0x00000000000039dc       0x34 zephyr/subsys/usb/device/class/hid/libsubsys__usb__device__class__hid.a(core.c.obj)
                0x00000000000039dc                hid_int_ep_write
 .text.input_report
                0x0000000000003a10       0x44 zephyr/subsys/input/libsubsys__input.a(input.c.obj)
                0x0000000000003a10                input_report
 .text.endpoint_ctx
                0x0000000000003a54       0x60 zephyr/drivers/usb/device/libdrivers__usb__device.a(usb_dc_nrfx.c.obj)
 .text.usbd_work_schedule
                0x0000000000003ab4       0x10 zephyr/drivers/usb/device/libdrivers__usb__device.a(usb_dc_nrfx.c.obj)
 .text.usbd_evt_put
                0x0000000000003ac4        0xc zephyr/drivers/usb/device/libdrivers__usb__device.a(usb_dc_nrfx.c.obj)
 .text.usbd_evt_get
                0x0000000000003ad0       0x10 zephyr/drivers/usb/device/libdrivers__usb__device.a(usb_dc_nrfx.c.obj)
 .text.usb_init
                0x0000000000003ae0       0x70 zephyr/drivers/usb/device/libdrivers__usb__device.a(usb_dc_nrfx.c.obj)
 .text.hfxo_stop.constprop.0.isra.0
                0x0000000000003b50       0x40 zephyr/drivers/usb/device/libdrivers__usb__device.a(usb_dc_nrfx.c.obj)
 .text.eps_ctx_init
                0x0000000000003b90       0x68 zephyr/drivers/usb/device/libdrivers__usb__device.a(usb_dc_nrfx.c.obj)
 .text.usbd_evt_flush
                0x0000000000003bf8       0x1c zephyr/drivers/usb/device/libdrivers__usb__device.a(usb_dc_nrfx.c.obj)
 .text.usbd_evt_alloc
                0x0000000000003c14       0x64 zephyr/drivers/usb/device/libdrivers__usb__device.a(usb_dc_nrfx.c.obj)
 .text.usb_dc_power_event_handler.part.0
                0x0000000000003c78       0x14 zephyr/drivers/usb/device/libdrivers__usb__device.a(usb_dc_nrfx.c.obj)
 .text.usb_dc_power_event_handler
                0x0000000000003c8c       0x3c zephyr/drivers/usb/device/libdrivers__usb__device.a(usb_dc_nrfx.c.obj)
 .text.usbd_work_handler
                0x0000000000003cc8      0x344 zephyr/drivers/usb/device/libdrivers__usb__device.a(usb_dc_nrfx.c.obj)
 .text.usbd_event_transfer_data
                0x000000000000400c       0xc8 zephyr/drivers/usb/device/libdrivers__usb__device.a(usb_dc_nrfx.c.obj)
 .text.usbd_event_handler
                0x00000000000040d4      0x14c zephyr/drivers/usb/device/libdrivers__usb__device.a(usb_dc_nrfx.c.obj)
 .text.usb_dc_attach
                0x0000000000004220       0x64 zephyr/drivers/usb/device/libdrivers__usb__device.a(usb_dc_nrfx.c.obj)
                0x0000000000004220                usb_dc_attach
 .text.usb_dc_set_address
                0x0000000000004284       0x24 zephyr/drivers/usb/device/libdrivers__usb__device.a(usb_dc_nrfx.c.obj)
                0x0000000000004284                usb_dc_set_address
 .text.usb_dc_ep_check_cap
                0x00000000000042a8       0x44 zephyr/drivers/usb/device/libdrivers__usb__device.a(usb_dc_nrfx.c.obj)
                0x00000000000042a8                usb_dc_ep_check_cap
 .text.usb_dc_ep_configure
                0x00000000000042ec       0x58 zephyr/drivers/usb/device/libdrivers__usb__device.a(usb_dc_nrfx.c.obj)
                0x00000000000042ec                usb_dc_ep_configure
 .text.usb_dc_ep_set_stall
                0x0000000000004344       0x64 zephyr/drivers/usb/device/libdrivers__usb__device.a(usb_dc_nrfx.c.obj)
                0x0000000000004344                usb_dc_ep_set_stall
 .text.usb_dc_ep_clear_stall
                0x00000000000043a8       0x40 zephyr/drivers/usb/device/libdrivers__usb__device.a(usb_dc_nrfx.c.obj)
                0x00000000000043a8                usb_dc_ep_clear_stall
 .text.usb_dc_ep_is_stalled
                0x00000000000043e8       0x38 zephyr/drivers/usb/device/libdrivers__usb__device.a(usb_dc_nrfx.c.obj)
                0x00000000000043e8                usb_dc_ep_is_stalled
 .text.usb_dc_ep_enable
                0x0000000000004420       0x54 zephyr/drivers/usb/device/libdrivers__usb__device.a(usb_dc_nrfx.c.obj)
                0x0000000000004420                usb_dc_ep_enable
 .text.usb_dc_ep_write
                0x0000000000004474      0x114 zephyr/drivers/usb/device/libdrivers__usb__device.a(usb_dc_nrfx.c.obj)
                0x0000000000004474                usb_dc_ep_write
 .text.usb_dc_ep_read_wait
                0x0000000000004588       0xac zephyr/drivers/usb/device/libdrivers__usb__device.a(usb_dc_nrfx.c.obj)
                0x0000000000004588                usb_dc_ep_read_wait
 .text.usb_dc_ep_read_continue
                0x0000000000004634       0x9c zephyr/drivers/usb/device/libdrivers__usb__device.a(usb_dc_nrfx.c.obj)
                0x0000000000004634                usb_dc_ep_read_continue
 .text.usb_dc_ep_set_callback
                0x00000000000046d0       0x28 zephyr/drivers/usb/device/libdrivers__usb__device.a(usb_dc_nrfx.c.obj)
                0x00000000000046d0                usb_dc_ep_set_callback
 .text.usb_dc_set_status_callback
                0x00000000000046f8        0xc zephyr/drivers/usb/device/libdrivers__usb__device.a(usb_dc_nrfx.c.obj)
                0x00000000000046f8                usb_dc_set_status_callback
 .text.usb_dc_ep_mps
                0x0000000000004704       0x24 zephyr/drivers/usb/device/libdrivers__usb__device.a(usb_dc_nrfx.c.obj)
                0x0000000000004704                usb_dc_ep_mps
 .text.nrf52_errata_187
                0x0000000000004728       0x28 zephyr/drivers/usb/common/nrf_usbd_common/libdrivers__usb__common__nrf_usbd_common.a(nrf_usbd_common.c.obj)
 .text.ep_state_access
                0x0000000000004750       0x20 zephyr/drivers/usb/common/nrf_usbd_common/libdrivers__usb__common__nrf_usbd_common.a(nrf_usbd_common.c.obj)
 .text.usbd_errata_187_211_begin
                0x0000000000004770       0x3c zephyr/drivers/usb/common/nrf_usbd_common/libdrivers__usb__common__nrf_usbd_common.a(nrf_usbd_common.c.obj)
 .text.usbd_errata_187_211_end
                0x00000000000047ac       0x3c zephyr/drivers/usb/common/nrf_usbd_common/libdrivers__usb__common__nrf_usbd_common.a(nrf_usbd_common.c.obj)
 .text.usbd_dma_pending_clear
                0x00000000000047e8       0x1c zephyr/drivers/usb/common/nrf_usbd_common/libdrivers__usb__common__nrf_usbd_common.a(nrf_usbd_common.c.obj)
 .text.nrf_usbd_common_uninit
                0x0000000000004804       0x14 zephyr/drivers/usb/common/nrf_usbd_common/libdrivers__usb__common__nrf_usbd_common.a(nrf_usbd_common.c.obj)
                0x0000000000004804                nrf_usbd_common_uninit
 .text.nrf_usbd_common_enable
                0x0000000000004818      0x148 zephyr/drivers/usb/common/nrf_usbd_common/libdrivers__usb__common__nrf_usbd_common.a(nrf_usbd_common.c.obj)
                0x0000000000004818                nrf_usbd_common_enable
 .text.nrf_usbd_common_start
                0x0000000000004960       0x38 zephyr/drivers/usb/common/nrf_usbd_common/libdrivers__usb__common__nrf_usbd_common.a(nrf_usbd_common.c.obj)
                0x0000000000004960                nrf_usbd_common_start
 .text.nrf_usbd_common_is_enabled
                0x0000000000004998       0x14 zephyr/drivers/usb/common/nrf_usbd_common/libdrivers__usb__common__nrf_usbd_common.a(nrf_usbd_common.c.obj)
                0x0000000000004998                nrf_usbd_common_is_enabled
 .text.nrf_usbd_common_suspend
                0x00000000000049ac       0x6c zephyr/drivers/usb/common/nrf_usbd_common/libdrivers__usb__common__nrf_usbd_common.a(nrf_usbd_common.c.obj)
                0x00000000000049ac                nrf_usbd_common_suspend
 .text.nrf_usbd_common_wakeup_req
                0x0000000000004a18       0x70 zephyr/drivers/usb/common/nrf_usbd_common/libdrivers__usb__common__nrf_usbd_common.a(nrf_usbd_common.c.obj)
                0x0000000000004a18                nrf_usbd_common_wakeup_req
 .text.nrf_usbd_common_init
                0x0000000000004a88       0x84 zephyr/drivers/usb/common/nrf_usbd_common/libdrivers__usb__common__nrf_usbd_common.a(nrf_usbd_common.c.obj)
                0x0000000000004a88                nrf_usbd_common_init
 .text.nrf_usbd_common_ep_enable_check
                0x0000000000004b0c       0x28 zephyr/drivers/usb/common/nrf_usbd_common/libdrivers__usb__common__nrf_usbd_common.a(nrf_usbd_common.c.obj)
                0x0000000000004b0c                nrf_usbd_common_ep_enable_check
 .text.nrf_usbd_common_ep_transfer
                0x0000000000004b34       0x98 zephyr/drivers/usb/common/nrf_usbd_common/libdrivers__usb__common__nrf_usbd_common.a(nrf_usbd_common.c.obj)
                0x0000000000004b34                nrf_usbd_common_ep_transfer
 .text.nrf_usbd_common_epout_size_get
                0x0000000000004bcc       0x28 zephyr/drivers/usb/common/nrf_usbd_common/libdrivers__usb__common__nrf_usbd_common.a(nrf_usbd_common.c.obj)
                0x0000000000004bcc                nrf_usbd_common_epout_size_get
 .text.nrf_usbd_common_irq_handler
                0x0000000000004bf4      0x494 zephyr/drivers/usb/common/nrf_usbd_common/libdrivers__usb__common__nrf_usbd_common.a(nrf_usbd_common.c.obj)
                0x0000000000004bf4                nrf_usbd_common_irq_handler
 .text.nrf_usbd_common_ep_stall
                0x0000000000005088       0x10 zephyr/drivers/usb/common/nrf_usbd_common/libdrivers__usb__common__nrf_usbd_common.a(nrf_usbd_common.c.obj)
                0x0000000000005088                nrf_usbd_common_ep_stall
 .text.nrf_usbd_common_ep_stall_check
                0x0000000000005098       0x34 zephyr/drivers/usb/common/nrf_usbd_common/libdrivers__usb__common__nrf_usbd_common.a(nrf_usbd_common.c.obj)
                0x0000000000005098                nrf_usbd_common_ep_stall_check
 .text.nrf_usbd_common_ep_dtoggle_clear
                0x00000000000050cc       0x14 zephyr/drivers/usb/common/nrf_usbd_common/libdrivers__usb__common__nrf_usbd_common.a(nrf_usbd_common.c.obj)
                0x00000000000050cc                nrf_usbd_common_ep_dtoggle_clear
 .text.nrf_usbd_common_setup_get
                0x00000000000050e0       0x44 zephyr/drivers/usb/common/nrf_usbd_common/libdrivers__usb__common__nrf_usbd_common.a(nrf_usbd_common.c.obj)
                0x00000000000050e0                nrf_usbd_common_setup_get
 .text.nrf_usbd_common_setup_data_clear
                0x0000000000005124        0xc zephyr/drivers/usb/common/nrf_usbd_common/libdrivers__usb__common__nrf_usbd_common.a(nrf_usbd_common.c.obj)
                0x0000000000005124                nrf_usbd_common_setup_data_clear
 .text.nrf_usbd_common_setup_clear
                0x0000000000005130        0xc zephyr/drivers/usb/common/nrf_usbd_common/libdrivers__usb__common__nrf_usbd_common.a(nrf_usbd_common.c.obj)
                0x0000000000005130                nrf_usbd_common_setup_clear
 .text.nrf_usbd_common_setup_stall
                0x000000000000513c        0xc zephyr/drivers/usb/common/nrf_usbd_common/libdrivers__usb__common__nrf_usbd_common.a(nrf_usbd_common.c.obj)
                0x000000000000513c                nrf_usbd_common_setup_stall
 .text.nrf_usbd_common_last_setup_dir_get
                0x0000000000005148        0xc zephyr/drivers/usb/common/nrf_usbd_common/libdrivers__usb__common__nrf_usbd_common.a(nrf_usbd_common.c.obj)
                0x0000000000005148                nrf_usbd_common_last_setup_dir_get
 .text.nrf_usbd_common_transfer_out_drop
                0x0000000000005154       0x4c zephyr/drivers/usb/common/nrf_usbd_common/libdrivers__usb__common__nrf_usbd_common.a(nrf_usbd_common.c.obj)
                0x0000000000005154                nrf_usbd_common_transfer_out_drop
 .text.usbd_ep_abort
                0x00000000000051a0       0xf0 zephyr/drivers/usb/common/nrf_usbd_common/libdrivers__usb__common__nrf_usbd_common.a(nrf_usbd_common.c.obj)
 .text.nrf_usbd_common_ep_abort
                0x0000000000005290       0x34 zephyr/drivers/usb/common/nrf_usbd_common/libdrivers__usb__common__nrf_usbd_common.a(nrf_usbd_common.c.obj)
                0x0000000000005290                nrf_usbd_common_ep_abort
 .text.nrf_usbd_common_disable
                0x00000000000052c4       0xd4 zephyr/drivers/usb/common/nrf_usbd_common/libdrivers__usb__common__nrf_usbd_common.a(nrf_usbd_common.c.obj)
                0x00000000000052c4                nrf_usbd_common_disable
 .text.nrf_usbd_common_ep_disable
                0x0000000000005398       0x60 zephyr/drivers/usb/common/nrf_usbd_common/libdrivers__usb__common__nrf_usbd_common.a(nrf_usbd_common.c.obj)
                0x0000000000005398                nrf_usbd_common_ep_disable
 .text.nrf_usbd_common_ep_enable
                0x00000000000053f8       0x70 zephyr/drivers/usb/common/nrf_usbd_common/libdrivers__usb__common__nrf_usbd_common.a(nrf_usbd_common.c.obj)
                0x00000000000053f8                nrf_usbd_common_ep_enable
 .text.nrf_usbd_common_ep_stall_clear
                0x0000000000005468       0x20 zephyr/drivers/usb/common/nrf_usbd_common/libdrivers__usb__common__nrf_usbd_common.a(nrf_usbd_common.c.obj)
                0x0000000000005468                nrf_usbd_common_ep_stall_clear
 .text.onoff_stop
                0x0000000000005488       0x30 zephyr/drivers/clock_control/libdrivers__clock_control.a(clock_control_nrf.c.obj)
 .text.onoff_start
                0x00000000000054b8       0x44 zephyr/drivers/clock_control/libdrivers__clock_control.a(clock_control_nrf.c.obj)
 .text.generic_hfclk_stop
                0x00000000000054fc       0x34 zephyr/drivers/clock_control/libdrivers__clock_control.a(clock_control_nrf.c.obj)
 .text.clk_init
                0x0000000000005530       0x58 zephyr/drivers/clock_control/libdrivers__clock_control.a(clock_control_nrf.c.obj)
 .text.api_blocking_start
                0x0000000000005588       0x34 zephyr/drivers/clock_control/libdrivers__clock_control.a(clock_control_nrf.c.obj)
 .text.clkstarted_handle.constprop.0
                0x00000000000055bc       0x4c zephyr/drivers/clock_control/libdrivers__clock_control.a(clock_control_nrf.c.obj)
 .text.generic_hfclk_start
                0x0000000000005608       0x78 zephyr/drivers/clock_control/libdrivers__clock_control.a(clock_control_nrf.c.obj)
 .text.clock_event_handler
                0x0000000000005680       0x1c zephyr/drivers/clock_control/libdrivers__clock_control.a(clock_control_nrf.c.obj)
 .text.z_nrf_clock_control_get_onoff
                0x000000000000569c       0x10 zephyr/drivers/clock_control/libdrivers__clock_control.a(clock_control_nrf.c.obj)
                0x000000000000569c                z_nrf_clock_control_get_onoff
 .text.z_nrf_clock_control_lf_on
                0x00000000000056ac       0xfc zephyr/drivers/clock_control/libdrivers__clock_control.a(clock_control_nrf.c.obj)
                0x00000000000056ac                z_nrf_clock_control_lf_on
 .text.uart_console_init
                0x00000000000057a8       0x28 zephyr/drivers/console/libdrivers__console.a(uart_console.c.obj)
 .text.console_out
                0x00000000000057d0       0x28 zephyr/drivers/console/libdrivers__console.a(uart_console.c.obj)
 .text.gpio_nrfx_pin_interrupt_configure
                0x00000000000057f8      0x11c zephyr/drivers/gpio/libdrivers__gpio.a(gpio_nrfx.c.obj)
 .text.nrfx_gpio_handler
                0x0000000000005914       0x4c zephyr/drivers/gpio/libdrivers__gpio.a(gpio_nrfx.c.obj)
 .text.gpio_nrfx_init
                0x0000000000005960       0x48 zephyr/drivers/gpio/libdrivers__gpio.a(gpio_nrfx.c.obj)
 .text.gpio_nrfx_pin_configure
                0x00000000000059a8      0x18c zephyr/drivers/gpio/libdrivers__gpio.a(gpio_nrfx.c.obj)
 .text.gpio_keys_change_deferred
                0x0000000000005b34       0x78 zephyr/drivers/input/libdrivers__input.a(input_gpio_keys.c.obj)
 .text.gpio_keys_init
                0x0000000000005bac      0x1a8 zephyr/drivers/input/libdrivers__input.a(input_gpio_keys.c.obj)
 .text.nrf_gpio_pin_port_decode
                0x0000000000005d54       0x20 zephyr/drivers/pinctrl/libdrivers__pinctrl.a(pinctrl_nrf.c.obj)
 .text.pinctrl_configure_pins
                0x0000000000005d74      0x1a4 zephyr/drivers/pinctrl/libdrivers__pinctrl.a(pinctrl_nrf.c.obj)
                0x0000000000005d74                pinctrl_configure_pins
 .text.uarte_nrfx_poll_out
                0x0000000000005f18       0xb4 zephyr/drivers/serial/libdrivers__serial.a(uart_nrfx_uarte.c.obj)
 .text.uarte_0_init
                0x0000000000005fcc      0x118 zephyr/drivers/serial/libdrivers__serial.a(uart_nrfx_uarte.c.obj)
 .text.compare_int_lock
                0x00000000000060e4       0x48 zephyr/drivers/timer/libdrivers__timer.a(nrf_rtc_timer.c.obj)
 .text.sys_clock_timeout_handler
                0x000000000000612c       0x48 zephyr/drivers/timer/libdrivers__timer.a(nrf_rtc_timer.c.obj)
 .text.compare_int_unlock
                0x0000000000006174       0x5c zephyr/drivers/timer/libdrivers__timer.a(nrf_rtc_timer.c.obj)
 .text.z_nrf_rtc_timer_read
                0x00000000000061d0       0x44 zephyr/drivers/timer/libdrivers__timer.a(nrf_rtc_timer.c.obj)
                0x00000000000061d0                z_nrf_rtc_timer_read
 .text.compare_set
                0x0000000000006214      0x130 zephyr/drivers/timer/libdrivers__timer.a(nrf_rtc_timer.c.obj)
 .text.sys_clock_driver_init
                0x0000000000006344       0x90 zephyr/drivers/timer/libdrivers__timer.a(nrf_rtc_timer.c.obj)
 .text.rtc_nrf_isr
                0x00000000000063d4       0xd4 zephyr/drivers/timer/libdrivers__timer.a(nrf_rtc_timer.c.obj)
                0x00000000000063d4                rtc_nrf_isr
 .text.sys_clock_set_timeout
                0x00000000000064a8       0x5c zephyr/drivers/timer/libdrivers__timer.a(nrf_rtc_timer.c.obj)
                0x00000000000064a8                sys_clock_set_timeout
 .text.sys_clock_elapsed
                0x0000000000006504       0x14 zephyr/drivers/timer/libdrivers__timer.a(nrf_rtc_timer.c.obj)
                0x0000000000006504                sys_clock_elapsed
 .text.nrf52_errata_98
                0x0000000000006518       0x24 modules/hal_nordic/modules/hal_nordic/nrfx/libmodules__hal_nordic__nrfx.a(system_nrf52840.c.obj)
 .text.nvmc_wait
                0x000000000000653c       0x10 modules/hal_nordic/modules/hal_nordic/nrfx/libmodules__hal_nordic__nrfx.a(system_nrf52840.c.obj)
                0x000000000000653c                nvmc_wait
 .text.SystemInit
                0x000000000000654c      0x1bc modules/hal_nordic/modules/hal_nordic/nrfx/libmodules__hal_nordic__nrfx.a(system_nrf52840.c.obj)
                0x000000000000654c                SystemInit
 .text.nrfx_flag32_alloc
                0x0000000000006708       0x48 modules/hal_nordic/modules/hal_nordic/nrfx/libmodules__hal_nordic__nrfx.a(nrfx_flag32_allocator.c.obj)
                0x0000000000006708                nrfx_flag32_alloc
 .text.nrfx_flag32_free
                0x0000000000006750       0x40 modules/hal_nordic/modules/hal_nordic/nrfx/libmodules__hal_nordic__nrfx.a(nrfx_flag32_allocator.c.obj)
                0x0000000000006750                nrfx_flag32_free
 .text.nrfx_gppi_channels_enable
                0x0000000000006790        0xc modules/hal_nordic/modules/hal_nordic/nrfx/libmodules__hal_nordic__nrfx.a(nrfx_gppi_ppi.c.obj)
                0x0000000000006790                nrfx_gppi_channels_enable
 .text.clock_stop
                0x000000000000679c       0xc4 modules/hal_nordic/modules/hal_nordic/nrfx/libmodules__hal_nordic__nrfx.a(nrfx_clock.c.obj)
 .text.nrfx_clock_init
                0x0000000000006860       0x20 modules/hal_nordic/modules/hal_nordic/nrfx/libmodules__hal_nordic__nrfx.a(nrfx_clock.c.obj)
                0x0000000000006860                nrfx_clock_init
 .text.nrfx_clock_enable
                0x0000000000006880       0x30 modules/hal_nordic/modules/hal_nordic/nrfx/libmodules__hal_nordic__nrfx.a(nrfx_clock.c.obj)
                0x0000000000006880                nrfx_clock_enable
 .text.nrfx_clock_start
                0x00000000000068b0       0xa8 modules/hal_nordic/modules/hal_nordic/nrfx/libmodules__hal_nordic__nrfx.a(nrfx_clock.c.obj)
                0x00000000000068b0                nrfx_clock_start
 .text.nrfx_clock_irq_handler
                0x0000000000006958       0x7c modules/hal_nordic/modules/hal_nordic/nrfx/libmodules__hal_nordic__nrfx.a(nrfx_clock.c.obj)
                0x0000000000006958                nrfx_clock_irq_handler
 .text.nrf_gpio_pin_port_decode
                0x00000000000069d4       0x20 modules/hal_nordic/modules/hal_nordic/nrfx/libmodules__hal_nordic__nrfx.a(nrfx_gpiote.c.obj)
 .text.get_pin_idx
                0x00000000000069f4       0x14 modules/hal_nordic/modules/hal_nordic/nrfx/libmodules__hal_nordic__nrfx.a(nrfx_gpiote.c.obj)
 .text.call_handler.constprop.0
                0x0000000000006a08       0x40 modules/hal_nordic/modules/hal_nordic/nrfx/libmodules__hal_nordic__nrfx.a(nrfx_gpiote.c.obj)
 .text.pin_te_get.constprop.0
                0x0000000000006a48       0x18 modules/hal_nordic/modules/hal_nordic/nrfx/libmodules__hal_nordic__nrfx.a(nrfx_gpiote.c.obj)
 .text.pin_is_output.constprop.0
                0x0000000000006a60       0x18 modules/hal_nordic/modules/hal_nordic/nrfx/libmodules__hal_nordic__nrfx.a(nrfx_gpiote.c.obj)
 .text.pin_in_use_by_te.constprop.0
                0x0000000000006a78       0x18 modules/hal_nordic/modules/hal_nordic/nrfx/libmodules__hal_nordic__nrfx.a(nrfx_gpiote.c.obj)
 .text.latch_pending_read_and_check
                0x0000000000006a90       0x40 modules/hal_nordic/modules/hal_nordic/nrfx/libmodules__hal_nordic__nrfx.a(nrfx_gpiote.c.obj)
 .text.release_handler.isra.0
                0x0000000000006ad0       0x58 modules/hal_nordic/modules/hal_nordic/nrfx/libmodules__hal_nordic__nrfx.a(nrfx_gpiote.c.obj)
 .text.__nrfy_internal_gpiote_events_process.constprop.0
                0x0000000000006b28       0x5c modules/hal_nordic/modules/hal_nordic/nrfx/libmodules__hal_nordic__nrfx.a(nrfx_gpiote.c.obj)
 .text.pin_uninit
                0x0000000000006b84       0x80 modules/hal_nordic/modules/hal_nordic/nrfx/libmodules__hal_nordic__nrfx.a(nrfx_gpiote.c.obj)
 .text.nrfx_gpiote_input_configure
                0x0000000000006c04      0x178 modules/hal_nordic/modules/hal_nordic/nrfx/libmodules__hal_nordic__nrfx.a(nrfx_gpiote.c.obj)
                0x0000000000006c04                nrfx_gpiote_input_configure
 .text.nrfx_gpiote_output_configure
                0x0000000000006d7c       0xfc modules/hal_nordic/modules/hal_nordic/nrfx/libmodules__hal_nordic__nrfx.a(nrfx_gpiote.c.obj)
                0x0000000000006d7c                nrfx_gpiote_output_configure
 .text.nrfx_gpiote_global_callback_set
                0x0000000000006e78        0xc modules/hal_nordic/modules/hal_nordic/nrfx/libmodules__hal_nordic__nrfx.a(nrfx_gpiote.c.obj)
                0x0000000000006e78                nrfx_gpiote_global_callback_set
 .text.nrfx_gpiote_channel_get
                0x0000000000006e84       0x34 modules/hal_nordic/modules/hal_nordic/nrfx/libmodules__hal_nordic__nrfx.a(nrfx_gpiote.c.obj)
                0x0000000000006e84                nrfx_gpiote_channel_get
 .text.nrfx_gpiote_init
                0x0000000000006eb8       0x48 modules/hal_nordic/modules/hal_nordic/nrfx/libmodules__hal_nordic__nrfx.a(nrfx_gpiote.c.obj)
                0x0000000000006eb8                nrfx_gpiote_init
 .text.nrfx_gpiote_init_check
                0x0000000000006f00       0x14 modules/hal_nordic/modules/hal_nordic/nrfx/libmodules__hal_nordic__nrfx.a(nrfx_gpiote.c.obj)
                0x0000000000006f00                nrfx_gpiote_init_check
 .text.nrfx_gpiote_channel_free
                0x0000000000006f14       0x10 modules/hal_nordic/modules/hal_nordic/nrfx/libmodules__hal_nordic__nrfx.a(nrfx_gpiote.c.obj)
                0x0000000000006f14                nrfx_gpiote_channel_free
 .text.nrfx_gpiote_channel_alloc
                0x0000000000006f24       0x10 modules/hal_nordic/modules/hal_nordic/nrfx/libmodules__hal_nordic__nrfx.a(nrfx_gpiote.c.obj)
                0x0000000000006f24                nrfx_gpiote_channel_alloc
 .text.nrfx_gpiote_trigger_enable
                0x0000000000006f34       0xa8 modules/hal_nordic/modules/hal_nordic/nrfx/libmodules__hal_nordic__nrfx.a(nrfx_gpiote.c.obj)
                0x0000000000006f34                nrfx_gpiote_trigger_enable
 .text.nrfx_gpiote_0_irq_handler
                0x0000000000006fdc      0x1b0 modules/hal_nordic/modules/hal_nordic/nrfx/libmodules__hal_nordic__nrfx.a(nrfx_gpiote.c.obj)
                0x0000000000006fdc                nrfx_gpiote_0_irq_handler
 .text.nrfx_power_init
                0x000000000000718c       0x74 modules/hal_nordic/modules/hal_nordic/nrfx/libmodules__hal_nordic__nrfx.a(nrfx_power.c.obj)
                0x000000000000718c                nrfx_power_init
 .text.nrfx_power_usbevt_uninit
                0x0000000000007200       0x18 modules/hal_nordic/modules/hal_nordic/nrfx/libmodules__hal_nordic__nrfx.a(nrfx_power.c.obj)
                0x0000000000007200                nrfx_power_usbevt_uninit
 .text.nrfx_power_usbevt_init
                0x0000000000007218       0x14 modules/hal_nordic/modules/hal_nordic/nrfx/libmodules__hal_nordic__nrfx.a(nrfx_power.c.obj)
                0x0000000000007218                nrfx_power_usbevt_init
 .text.nrfx_power_irq_handler
                0x000000000000722c       0xa0 modules/hal_nordic/modules/hal_nordic/nrfx/libmodules__hal_nordic__nrfx.a(nrfx_power.c.obj)
                0x000000000000722c                nrfx_power_irq_handler
 .text.nrfx_ppi_channel_alloc
                0x00000000000072cc        0xc modules/hal_nordic/modules/hal_nordic/nrfx/libmodules__hal_nordic__nrfx.a(nrfx_ppi.c.obj)
                0x00000000000072cc                nrfx_ppi_channel_alloc
 .text.z_impl_device_get_binding
                0x00000000000072d8       0x48 zephyr/kernel/libkernel.a(device.c.obj)
                0x00000000000072d8                z_impl_device_get_binding
 .text.k_sys_fatal_error_handler
                0x0000000000007320       0x20 zephyr/kernel/libkernel.a(fatal.c.obj)
                0x0000000000007320                k_sys_fatal_error_handler
 .text.z_fatal_error
                0x0000000000007340       0xe8 zephyr/kernel/libkernel.a(fatal.c.obj)
                0x0000000000007340                z_fatal_error
 .text.z_sys_init_run_level
                0x0000000000007428       0x30 zephyr/kernel/libkernel.a(init.c.obj)
 .text.bg_thread_main
                0x0000000000007458       0xc0 zephyr/kernel/libkernel.a(init.c.obj)
 .text.z_bss_zero
                0x0000000000007518       0x18 zephyr/kernel/libkernel.a(init.c.obj)
                0x0000000000007518                z_bss_zero
 .text.z_init_cpu
                0x0000000000007530       0x70 zephyr/kernel/libkernel.a(init.c.obj)
                0x0000000000007530                z_init_cpu
 .text.z_cstart
                0x00000000000075a0       0xd4 zephyr/kernel/libkernel.a(init.c.obj)
                0x00000000000075a0                z_cstart
 .text.init_mem_slab_obj_core_list
                0x0000000000007674       0x24 zephyr/kernel/libkernel.a(mem_slab.c.obj)
 .text.k_mem_slab_alloc
                0x0000000000007698       0x5c zephyr/kernel/libkernel.a(mem_slab.c.obj)
                0x0000000000007698                k_mem_slab_alloc
 .text.z_impl_k_msgq_put
                0x00000000000076f4       0xb0 zephyr/kernel/libkernel.a(msg_q.c.obj)
                0x00000000000076f4                z_impl_k_msgq_put
 .text.z_impl_k_msgq_get
                0x00000000000077a4       0xc4 zephyr/kernel/libkernel.a(msg_q.c.obj)
                0x00000000000077a4                z_impl_k_msgq_get
 .text.z_impl_k_mutex_lock
                0x0000000000007868       0xf0 zephyr/kernel/libkernel.a(mutex.c.obj)
                0x0000000000007868                z_impl_k_mutex_lock
 .text.z_impl_k_mutex_unlock
                0x0000000000007958       0xa0 zephyr/kernel/libkernel.a(mutex.c.obj)
                0x0000000000007958                z_impl_k_mutex_unlock
 .text.z_impl_k_queue_get
                0x00000000000079f8       0x64 zephyr/kernel/libkernel.a(queue.c.obj)
                0x00000000000079f8                z_impl_k_queue_get
 .text.z_impl_k_sem_give
                0x0000000000007a5c       0x68 zephyr/kernel/libkernel.a(sem.c.obj)
                0x0000000000007a5c                z_impl_k_sem_give
 .text.z_impl_k_sem_take
                0x0000000000007ac4       0x4c zephyr/kernel/libkernel.a(sem.c.obj)
                0x0000000000007ac4                z_impl_k_sem_take
 .text.k_sys_work_q_init
                0x0000000000007b10       0x2c zephyr/kernel/libkernel.a(system_work_q.c.obj)
 .text.work_queue_main
                0x0000000000007b3c      0x14c zephyr/kernel/libkernel.a(work.c.obj)
 .text.submit_to_queue_locked
                0x0000000000007c88       0xb8 zephyr/kernel/libkernel.a(work.c.obj)
 .text.k_work_queue_start
                0x0000000000007d40       0x80 zephyr/kernel/libkernel.a(work.c.obj)
                0x0000000000007d40                k_work_queue_start
 .text.k_work_reschedule_for_queue
                0x0000000000007dc0       0x5c zephyr/kernel/libkernel.a(work.c.obj)
                0x0000000000007dc0                k_work_reschedule_for_queue
 .text.k_work_reschedule
                0x0000000000007e1c        0xc zephyr/kernel/libkernel.a(work.c.obj)
                0x0000000000007e1c                k_work_reschedule
 .text.z_setup_new_thread
                0x0000000000007e28       0x98 zephyr/kernel/libkernel.a(thread.c.obj)
                0x0000000000007e28                z_setup_new_thread
 .text.z_impl_k_thread_create
                0x0000000000007ec0       0x58 zephyr/kernel/libkernel.a(thread.c.obj)
                0x0000000000007ec0                z_impl_k_thread_create
 .text.z_dummy_thread_init
                0x0000000000007f18       0x18 zephyr/kernel/libkernel.a(thread.c.obj)
                0x0000000000007f18                z_dummy_thread_init
 .text.z_swap_irqlock
                0x0000000000007f30       0x30 zephyr/kernel/libkernel.a(sched.c.obj)
 .text.ready_thread
                0x0000000000007f60       0x84 zephyr/kernel/libkernel.a(sched.c.obj)
 .text.unready_thread
                0x0000000000007fe4       0x54 zephyr/kernel/libkernel.a(sched.c.obj)
 .text.add_thread_timeout
                0x0000000000008038       0x1c zephyr/kernel/libkernel.a(sched.c.obj)
 .text.move_thread_to_end_of_prio_q
                0x0000000000008054       0x90 zephyr/kernel/libkernel.a(sched.c.obj)
                0x0000000000008054                move_thread_to_end_of_prio_q
 .text.z_pend_curr
                0x00000000000080e4       0x44 zephyr/kernel/libkernel.a(sched.c.obj)
                0x00000000000080e4                z_pend_curr
 .text.z_thread_prio_set
                0x0000000000008128       0xe4 zephyr/kernel/libkernel.a(sched.c.obj)
                0x0000000000008128                z_thread_prio_set
 .text.z_reschedule
                0x000000000000820c       0x24 zephyr/kernel/libkernel.a(sched.c.obj)
                0x000000000000820c                z_reschedule
 .text.z_reschedule_irqlock
                0x0000000000008230       0x28 zephyr/kernel/libkernel.a(sched.c.obj)
                0x0000000000008230                z_reschedule_irqlock
 .text.k_sched_lock
                0x0000000000008258       0x28 zephyr/kernel/libkernel.a(sched.c.obj)
                0x0000000000008258                k_sched_lock
 .text.k_sched_unlock
                0x0000000000008280       0x68 zephyr/kernel/libkernel.a(sched.c.obj)
                0x0000000000008280                k_sched_unlock
 .text.z_sched_init
                0x00000000000082e8       0x10 zephyr/kernel/libkernel.a(sched.c.obj)
                0x00000000000082e8                z_sched_init
 .text.z_impl_k_yield
                0x00000000000082f8       0x88 zephyr/kernel/libkernel.a(sched.c.obj)
                0x00000000000082f8                z_impl_k_yield
 .text.z_tick_sleep
                0x0000000000008380       0x78 zephyr/kernel/libkernel.a(sched.c.obj)
 .text.z_impl_k_usleep
                0x00000000000083f8       0x3c zephyr/kernel/libkernel.a(sched.c.obj)
                0x00000000000083f8                z_impl_k_usleep
 .text.z_impl_k_wakeup
                0x0000000000008434       0x48 zephyr/kernel/libkernel.a(sched.c.obj)
                0x0000000000008434                z_impl_k_wakeup
 .text.z_impl_k_sched_current_thread_query
                0x000000000000847c        0xc zephyr/kernel/libkernel.a(sched.c.obj)
                0x000000000000847c                z_impl_k_sched_current_thread_query
 .text.z_thread_abort
                0x0000000000008488      0x138 zephyr/kernel/libkernel.a(sched.c.obj)
                0x0000000000008488                z_thread_abort
 .text.z_sched_wait
                0x00000000000085c0       0x24 zephyr/kernel/libkernel.a(sched.c.obj)
                0x00000000000085c0                z_sched_wait
 .text.slice_timeout
                0x00000000000085e4       0x20 zephyr/kernel/libkernel.a(timeslicing.c.obj)
 .text.thread_is_sliceable
                0x0000000000008604       0x3c zephyr/kernel/libkernel.a(timeslicing.c.obj)
                0x0000000000008604                thread_is_sliceable
 .text.z_reset_time_slice
                0x0000000000008640       0x50 zephyr/kernel/libkernel.a(timeslicing.c.obj)
                0x0000000000008640                z_reset_time_slice
 .text.z_time_slice
                0x0000000000008690       0x60 zephyr/kernel/libkernel.a(timeslicing.c.obj)
                0x0000000000008690                z_time_slice
 .text.z_data_copy
                0x00000000000086f0       0x38 zephyr/kernel/libkernel.a(xip.c.obj)
                0x00000000000086f0                z_data_copy
 .text.first    0x0000000000008728       0x10 zephyr/kernel/libkernel.a(timeout.c.obj)
 .text.elapsed  0x0000000000008738       0x14 zephyr/kernel/libkernel.a(timeout.c.obj)
 .text.remove_timeout
                0x000000000000874c       0x38 zephyr/kernel/libkernel.a(timeout.c.obj)
 .text.z_add_timeout
                0x0000000000008784      0x124 zephyr/kernel/libkernel.a(timeout.c.obj)
                0x0000000000008784                z_add_timeout
 .text.sys_clock_announce
                0x00000000000088a8       0xc0 zephyr/kernel/libkernel.a(timeout.c.obj)
                0x00000000000088a8                sys_clock_announce
 .text.sys_clock_tick_get
                0x0000000000008968       0x30 zephyr/kernel/libkernel.a(timeout.c.obj)
                0x0000000000008968                sys_clock_tick_get
 .text.z_timer_expiration_handler
                0x0000000000008998       0xe0 zephyr/kernel/libkernel.a(timer.c.obj)
                0x0000000000008998                z_timer_expiration_handler
 .text.z_impl_k_timer_start
                0x0000000000008a78       0x74 zephyr/kernel/libkernel.a(timer.c.obj)
                0x0000000000008a78                z_impl_k_timer_start
 .text.z_thread_alloc_helper
                0x0000000000008aec       0x4c zephyr/kernel/libkernel.a(mempool.c.obj)
 .text.z_thread_malloc
                0x0000000000008b38       0x10 zephyr/kernel/libkernel.a(mempool.c.obj)
                0x0000000000008b38                z_thread_malloc
 .text.statics_init
                0x0000000000008b48       0x24 zephyr/kernel/libkernel.a(kheap.c.obj)
 .text.nrf_cc3xx_platform_init_no_rng
                0x0000000000008b6c       0x38 C:/ncs/v3.1.0/nrfxlib/crypto/nrf_cc310_platform/lib/cortex-m4/soft-float/no-interrupts/libnrf_cc310_platform_0.9.19.a(nrf_cc3xx_platform.c.obj)
                0x0000000000008b6c                nrf_cc3xx_platform_init_no_rng
 .text.nrf_cc3xx_platform_abort
                0x0000000000008ba4       0x24 C:/ncs/v3.1.0/nrfxlib/crypto/nrf_cc310_platform/lib/cortex-m4/soft-float/no-interrupts/libnrf_cc310_platform_0.9.19.a(nrf_cc3xx_platform_abort.c.obj)
 .text.CC_PalAbort
                0x0000000000008bc8       0x34 C:/ncs/v3.1.0/nrfxlib/crypto/nrf_cc310_platform/lib/cortex-m4/soft-float/no-interrupts/libnrf_cc310_platform_0.9.19.a(nrf_cc3xx_platform_abort.c.obj)
                0x0000000000008bc8                CC_PalAbort
 .text.nrf_cc3xx_platform_set_abort
                0x0000000000008bfc       0x10 C:/ncs/v3.1.0/nrfxlib/crypto/nrf_cc310_platform/lib/cortex-m4/soft-float/no-interrupts/libnrf_cc310_platform_0.9.19.a(nrf_cc3xx_platform_abort.c.obj)
                0x0000000000008bfc                nrf_cc3xx_platform_set_abort
 .text.mutex_free
                0x0000000000008c0c       0x34 C:/ncs/v3.1.0/nrfxlib/crypto/nrf_cc310_platform/lib/cortex-m4/soft-float/no-interrupts/libnrf_cc310_platform_0.9.19.a(nrf_cc3xx_platform_mutex.c.obj)
 .text.mutex_lock
                0x0000000000008c40       0x48 C:/ncs/v3.1.0/nrfxlib/crypto/nrf_cc310_platform/lib/cortex-m4/soft-float/no-interrupts/libnrf_cc310_platform_0.9.19.a(nrf_cc3xx_platform_mutex.c.obj)
 .text.mutex_unlock
                0x0000000000008c88       0x38 C:/ncs/v3.1.0/nrfxlib/crypto/nrf_cc310_platform/lib/cortex-m4/soft-float/no-interrupts/libnrf_cc310_platform_0.9.19.a(nrf_cc3xx_platform_mutex.c.obj)
 .text.mutex_init
                0x0000000000008cc0       0x20 C:/ncs/v3.1.0/nrfxlib/crypto/nrf_cc310_platform/lib/cortex-m4/soft-float/no-interrupts/libnrf_cc310_platform_0.9.19.a(nrf_cc3xx_platform_mutex.c.obj)
 .text.nrf_cc3xx_platform_set_mutexes
                0x0000000000008ce0       0x74 C:/ncs/v3.1.0/nrfxlib/crypto/nrf_cc310_platform/lib/cortex-m4/soft-float/no-interrupts/libnrf_cc310_platform_0.9.19.a(nrf_cc3xx_platform_mutex.c.obj)
                0x0000000000008ce0                nrf_cc3xx_platform_set_mutexes
 .text.CC_LibInitNoRng
                0x0000000000008d54       0x64 C:/ncs/v3.1.0/nrfxlib/crypto/nrf_cc310_platform/lib/cortex-m4/soft-float/no-interrupts/libnrf_cc310_platform_0.9.19.a(cc_lib.c.obj)
                0x0000000000008d54                CC_LibInitNoRng
 .text.CC_HalInit
                0x0000000000008db8        0x4 C:/ncs/v3.1.0/nrfxlib/crypto/nrf_cc310_platform/lib/cortex-m4/soft-float/no-interrupts/libnrf_cc310_platform_0.9.19.a(cc_hal.c.obj)
                0x0000000000008db8                CC_HalInit
 .text.CC_HalTerminate
                0x0000000000008dbc        0x4 C:/ncs/v3.1.0/nrfxlib/crypto/nrf_cc310_platform/lib/cortex-m4/soft-float/no-interrupts/libnrf_cc310_platform_0.9.19.a(cc_hal.c.obj)
                0x0000000000008dbc                CC_HalTerminate
 .text.CC_HalMaskInterrupt
                0x0000000000008dc0        0xc C:/ncs/v3.1.0/nrfxlib/crypto/nrf_cc310_platform/lib/cortex-m4/soft-float/no-interrupts/libnrf_cc310_platform_0.9.19.a(cc_hal.c.obj)
                0x0000000000008dc0                CC_HalMaskInterrupt
 .text.CC_PalInit
                0x0000000000008dcc       0x5c C:/ncs/v3.1.0/nrfxlib/crypto/nrf_cc310_platform/lib/cortex-m4/soft-float/no-interrupts/libnrf_cc310_platform_0.9.19.a(cc_pal.c.obj)
                0x0000000000008dcc                CC_PalInit
 .text.CC_PalTerminate
                0x0000000000008e28       0x34 C:/ncs/v3.1.0/nrfxlib/crypto/nrf_cc310_platform/lib/cortex-m4/soft-float/no-interrupts/libnrf_cc310_platform_0.9.19.a(cc_pal.c.obj)
                0x0000000000008e28                CC_PalTerminate
 .text.CC_PalDmaInit
                0x0000000000008e5c        0x4 C:/ncs/v3.1.0/nrfxlib/crypto/nrf_cc310_platform/lib/cortex-m4/soft-float/no-interrupts/libnrf_cc310_platform_0.9.19.a(cc_pal_dma.c.obj)
                0x0000000000008e5c                CC_PalDmaInit
 .text.CC_PalDmaTerminate
                0x0000000000008e60        0x4 C:/ncs/v3.1.0/nrfxlib/crypto/nrf_cc310_platform/lib/cortex-m4/soft-float/no-interrupts/libnrf_cc310_platform_0.9.19.a(cc_pal_dma.c.obj)
                0x0000000000008e60                CC_PalDmaTerminate
 .text.CC_PalMutexCreate
                0x0000000000008e64       0x14 C:/ncs/v3.1.0/nrfxlib/crypto/nrf_cc310_platform/lib/cortex-m4/soft-float/no-interrupts/libnrf_cc310_platform_0.9.19.a(cc_pal_mutex.c.obj)
                0x0000000000008e64                CC_PalMutexCreate
 .text.CC_PalMutexDestroy
                0x0000000000008e78       0x14 C:/ncs/v3.1.0/nrfxlib/crypto/nrf_cc310_platform/lib/cortex-m4/soft-float/no-interrupts/libnrf_cc310_platform_0.9.19.a(cc_pal_mutex.c.obj)
                0x0000000000008e78                CC_PalMutexDestroy
 .text.CC_PalPowerSaveModeInit
                0x0000000000008e8c       0x3c C:/ncs/v3.1.0/nrfxlib/crypto/nrf_cc310_platform/lib/cortex-m4/soft-float/no-interrupts/libnrf_cc310_platform_0.9.19.a(cc_pal_pm.c.obj)
                0x0000000000008e8c                CC_PalPowerSaveModeInit
 .text.CC_PalPowerSaveModeSelect
                0x0000000000008ec8       0x84 C:/ncs/v3.1.0/nrfxlib/crypto/nrf_cc310_platform/lib/cortex-m4/soft-float/no-interrupts/libnrf_cc310_platform_0.9.19.a(cc_pal_pm.c.obj)
                0x0000000000008ec8                CC_PalPowerSaveModeSelect
 .text.snprintf
                0x0000000000008f4c       0x58 c:\ncs\toolchains\b8b84efebd\opt\zephyr-sdk\arm-zephyr-eabi\bin\../lib/gcc/../../picolibc/arm-zephyr-eabi/lib/thumb/v7e-m/nofp\libc.a(libc_tinystdio_snprintf.c.o)
                0x0000000000008f4c                snprintf
 .text.__l_vfprintf
                0x0000000000008fa4      0x4b8 c:\ncs\toolchains\b8b84efebd\opt\zephyr-sdk\arm-zephyr-eabi\bin\../lib/gcc/../../picolibc/arm-zephyr-eabi/lib/thumb/v7e-m/nofp\libc.a(libc_tinystdio_vflprintf.c.o)
                0x0000000000008fa4                __l_vfprintf
 .text._OffsetAbsSyms
                0x000000000000945c        0x2 zephyr/CMakeFiles/offsets.dir/./arch/arm/core/offsets/offsets.c.obj
                0x000000000000945c                _OffsetAbsSyms
 .text.chunk_field
                0x000000000000945e       0x16 zephyr/libzephyr.a(heap.c.obj)
 .text.chunk_set
                0x0000000000009474       0x16 zephyr/libzephyr.a(heap.c.obj)
 .text.chunk_size
                0x000000000000948a        0xc zephyr/libzephyr.a(heap.c.obj)
 .text.set_chunk_used
                0x0000000000009496       0x30 zephyr/libzephyr.a(heap.c.obj)
 .text.set_chunk_size
                0x00000000000094c6        0x8 zephyr/libzephyr.a(heap.c.obj)
 .text.mem_to_chunkid
                0x00000000000094ce       0x14 zephyr/libzephyr.a(heap.c.obj)
 .text.bucket_idx.isra.0
                0x00000000000094e2       0x1c zephyr/libzephyr.a(heap.c.obj)
 .text.free_list_remove_bidx
                0x00000000000094fe       0x5c zephyr/libzephyr.a(heap.c.obj)
 .text.free_list_remove
                0x000000000000955a       0x2e zephyr/libzephyr.a(heap.c.obj)
 .text.alloc_chunk
                0x0000000000009588       0x74 zephyr/libzephyr.a(heap.c.obj)
 .text.split_chunks
                0x00000000000095fc       0x4e zephyr/libzephyr.a(heap.c.obj)
 .text.merge_chunks
                0x000000000000964a       0x3c zephyr/libzephyr.a(heap.c.obj)
 .text.free_list_add
                0x0000000000009686       0x84 zephyr/libzephyr.a(heap.c.obj)
 .text.free_chunk
                0x000000000000970a       0x84 zephyr/libzephyr.a(heap.c.obj)
 .text.sys_heap_free
                0x000000000000978e       0x24 zephyr/libzephyr.a(heap.c.obj)
                0x000000000000978e                sys_heap_free
 .text.sys_heap_alloc
                0x00000000000097b2       0x6e zephyr/libzephyr.a(heap.c.obj)
                0x00000000000097b2                sys_heap_alloc
 .text.sys_heap_noalign_alloc
                0x0000000000009820        0x6 zephyr/libzephyr.a(heap.c.obj)
                0x0000000000009820                sys_heap_noalign_alloc
 .text.sys_heap_init
                0x0000000000009826       0xb0 zephyr/libzephyr.a(heap.c.obj)
                0x0000000000009826                sys_heap_init
 .text.cbpprintf_external
                0x00000000000098d6       0x62 zephyr/libzephyr.a(cbprintf_packaged.c.obj)
                0x00000000000098d6                cbpprintf_external
 .text.is_ptr   0x0000000000009938       0x4a zephyr/libzephyr.a(cbprintf_packaged.c.obj)
                0x0000000000009938                is_ptr
 .text.arch_printk_char_out
                0x0000000000009982        0x4 zephyr/libzephyr.a(printk.c.obj)
                0x0000000000009982                arch_printk_char_out
 .text.printk   0x0000000000009986       0x1a zephyr/libzephyr.a(printk.c.obj)
                0x0000000000009986                printk
 .text.free_space
                0x00000000000099a0       0x26 zephyr/libzephyr.a(mpsc_pbuf.c.obj)
 .text.get_usage
                0x00000000000099c6       0x22 zephyr/libzephyr.a(mpsc_pbuf.c.obj)
 .text.idx_inc  0x00000000000099e8       0x1c zephyr/libzephyr.a(mpsc_pbuf.c.obj)
 .text.rd_idx_inc
                0x0000000000009a04       0x18 zephyr/libzephyr.a(mpsc_pbuf.c.obj)
 .text.add_skip_item
                0x0000000000009a1c       0x3a zephyr/libzephyr.a(mpsc_pbuf.c.obj)
 .text.drop_item_locked
                0x0000000000009a56      0x100 zephyr/libzephyr.a(mpsc_pbuf.c.obj)
 .text.post_drop_action
                0x0000000000009b56       0x36 zephyr/libzephyr.a(mpsc_pbuf.c.obj)
 .text.max_utilization_update
                0x0000000000009b8c       0x1a zephyr/libzephyr.a(mpsc_pbuf.c.obj)
 .text.mpsc_pbuf_init
                0x0000000000009ba6       0x42 zephyr/libzephyr.a(mpsc_pbuf.c.obj)
                0x0000000000009ba6                mpsc_pbuf_init
 .text.mpsc_pbuf_alloc
                0x0000000000009be8       0xfe zephyr/libzephyr.a(mpsc_pbuf.c.obj)
                0x0000000000009be8                mpsc_pbuf_alloc
 .text.mpsc_pbuf_commit
                0x0000000000009ce6       0x3e zephyr/libzephyr.a(mpsc_pbuf.c.obj)
                0x0000000000009ce6                mpsc_pbuf_commit
 .text.mpsc_pbuf_claim
                0x0000000000009d24       0xa8 zephyr/libzephyr.a(mpsc_pbuf.c.obj)
                0x0000000000009d24                mpsc_pbuf_claim
 .text.mpsc_pbuf_free
                0x0000000000009dcc       0x76 zephyr/libzephyr.a(mpsc_pbuf.c.obj)
                0x0000000000009dcc                mpsc_pbuf_free
 .text.mpsc_pbuf_is_pending
                0x0000000000009e42       0x32 zephyr/libzephyr.a(mpsc_pbuf.c.obj)
                0x0000000000009e42                mpsc_pbuf_is_pending
 .text.sys_slist_find_and_remove
                0x0000000000009e74       0x36 zephyr/libzephyr.a(onoff.c.obj)
 .text.process_recheck
                0x0000000000009eaa       0x38 zephyr/libzephyr.a(onoff.c.obj)
 .text.validate_args
                0x0000000000009ee2       0x20 zephyr/libzephyr.a(onoff.c.obj)
 .text.notify_one
                0x0000000000009f02       0x2c zephyr/libzephyr.a(onoff.c.obj)
 .text.transition_complete
                0x0000000000009f2e       0x1a zephyr/libzephyr.a(onoff.c.obj)
 .text.onoff_manager_init
                0x0000000000009f48       0x26 zephyr/libzephyr.a(onoff.c.obj)
                0x0000000000009f48                onoff_manager_init
 .text.onoff_request
                0x0000000000009f6e       0xae zephyr/libzephyr.a(onoff.c.obj)
                0x0000000000009f6e                onoff_request
 .text.onoff_release
                0x000000000000a01c       0x48 zephyr/libzephyr.a(onoff.c.obj)
                0x000000000000a01c                onoff_release
 .text.onoff_cancel
                0x000000000000a064       0x36 zephyr/libzephyr.a(onoff.c.obj)
                0x000000000000a064                onoff_cancel
 .text.sys_notify_validate
                0x000000000000a09a       0x22 zephyr/libzephyr.a(notify.c.obj)
                0x000000000000a09a                sys_notify_validate
 .text.sys_notify_finalize
                0x000000000000a0bc       0x1a zephyr/libzephyr.a(notify.c.obj)
                0x000000000000a0bc                sys_notify_finalize
 .text._ConfigAbsSyms
                0x000000000000a0d6        0x2 zephyr/libzephyr.a(configs.c.obj)
                0x000000000000a0d6                _ConfigAbsSyms
 .text.log_msg_generic_get_wlen
                0x000000000000a0d8       0x20 zephyr/libzephyr.a(log_core.c.obj)
 .text.dummy_timestamp
                0x000000000000a0f8        0x4 zephyr/libzephyr.a(log_core.c.obj)
 .text.default_get_timestamp
                0x000000000000a0fc        0x4 zephyr/libzephyr.a(log_core.c.obj)
 .text.atomic_inc
                0x000000000000a100       0x1a zephyr/libzephyr.a(log_core.c.obj)
 .text.z_log_vprintk
                0x000000000000a11a       0x1c zephyr/libzephyr.a(log_core.c.obj)
                0x000000000000a11a                z_log_vprintk
 .text.z_log_notify_drop
                0x000000000000a136        0x6 zephyr/libzephyr.a(log_core.c.obj)
 .text.z_log_get_tag
                0x000000000000a13c        0x4 zephyr/libzephyr.a(log_core.c.obj)
                0x000000000000a13c                z_log_get_tag
 .text.log_backend_enable
                0x000000000000a140       0x12 zephyr/libzephyr.a(log_mgmt.c.obj)
                0x000000000000a140                log_backend_enable
 .text.z_cbprintf_cpy
                0x000000000000a152       0x2c zephyr/libzephyr.a(log_msg.c.obj)
 .text.z_log_msg_finalize
                0x000000000000a17e       0x32 zephyr/libzephyr.a(log_msg.c.obj)
                0x000000000000a17e                z_log_msg_finalize
 .text.z_log_msg_simple_create
                0x000000000000a1b0       0x6e zephyr/libzephyr.a(log_msg.c.obj)
 .text.z_impl_z_log_msg_simple_create_0
                0x000000000000a21e       0x12 zephyr/libzephyr.a(log_msg.c.obj)
                0x000000000000a21e                z_impl_z_log_msg_simple_create_0
 .text.z_impl_z_log_msg_simple_create_1
                0x000000000000a230       0x14 zephyr/libzephyr.a(log_msg.c.obj)
                0x000000000000a230                z_impl_z_log_msg_simple_create_1
 .text.z_impl_z_log_msg_simple_create_2
                0x000000000000a244       0x18 zephyr/libzephyr.a(log_msg.c.obj)
                0x000000000000a244                z_impl_z_log_msg_simple_create_2
 .text.log_output_write
                0x000000000000a25c       0x1c zephyr/libzephyr.a(log_output.c.obj)
 .text.log_output_flush
                0x000000000000a278       0x1a zephyr/libzephyr.a(log_output.c.obj)
 .text.out_func
                0x000000000000a292       0x36 zephyr/libzephyr.a(log_output.c.obj)
 .text.cr_out_func
                0x000000000000a2c8       0x1c zephyr/libzephyr.a(log_output.c.obj)
 .text.log_output_msg_process
                0x000000000000a2e4       0x6a zephyr/libzephyr.a(log_output.c.obj)
                0x000000000000a2e4                log_output_msg_process
 .text.format_set
                0x000000000000a34e        0xc zephyr/libzephyr.a(log_backend_uart.c.obj)
 .text.log_backend_uart_init
                0x000000000000a35a        0xc zephyr/libzephyr.a(log_backend_uart.c.obj)
 .text.panic    0x000000000000a366       0x32 zephyr/libzephyr.a(log_backend_uart.c.obj)
 .text.dropped  0x000000000000a398        0xa zephyr/libzephyr.a(log_backend_uart.c.obj)
 .text.process  0x000000000000a3a2       0x1e zephyr/libzephyr.a(log_backend_uart.c.obj)
 .text.get_ep_bm_from_addr
                0x000000000000a3c0       0x1c zephyr/libzephyr.a(usb_device.c.obj)
 .text.usb_write
                0x000000000000a3dc       0x30 zephyr/libzephyr.a(usb_device.c.obj)
                0x000000000000a3dc                usb_write
 .text.usb_get_dev_data_by_cfg
                0x000000000000a40c       0x18 zephyr/libzephyr.a(usb_descriptor.c.obj)
                0x000000000000a40c                usb_get_dev_data_by_cfg
 .text.usb_get_dev_data_by_iface
                0x000000000000a424       0x1c zephyr/libzephyr.a(usb_descriptor.c.obj)
                0x000000000000a424                usb_get_dev_data_by_iface
 .text.usb_get_dev_data_by_ep
                0x000000000000a440       0x2c zephyr/libzephyr.a(usb_descriptor.c.obj)
                0x000000000000a440                usb_get_dev_data_by_ep
 .text.abort_function
                0x000000000000a46c        0x2 zephyr/libzephyr.a(nrf_cc3xx_platform_abort_zephyr.c.obj)
 .text.z_do_kernel_oops
                0x000000000000a46e        0x8 zephyr/arch/arch/arm/core/libarch__arm__core.a(fatal.c.obj)
                0x000000000000a46e                z_do_kernel_oops
 .text.z_arm_nmi
                0x000000000000a476        0xe zephyr/arch/arch/arm/core/libarch__arm__core.a(nmi.c.obj)
                0x000000000000a476                z_arm_nmi
 .text.z_log_msg_simple_create_0.constprop.0
                0x000000000000a484        0x8 zephyr/arch/arch/arm/core/cortex_m/libarch__arm__core__cortex_m.a(fault.c.obj)
 .text.z_irq_spurious
                0x000000000000a48c        0x8 zephyr/arch/arch/arm/core/cortex_m/libarch__arm__core__cortex_m.a(irq_manage.c.obj)
                0x000000000000a48c                z_irq_spurious
 .text.arch_irq_unlock_outlined
                0x000000000000a494        0xe zephyr/arch/arch/arm/core/cortex_m/libarch__arm__core__cortex_m.a(thread.c.obj)
                0x000000000000a494                arch_irq_unlock_outlined
 .text.arch_cpu_idle
                0x000000000000a4a2       0x1a zephyr/arch/arch/arm/core/cortex_m/libarch__arm__core__cortex_m.a(cpu_idle.c.obj)
                0x000000000000a4a2                arch_cpu_idle
 .text.arch_cpu_atomic_idle
                0x000000000000a4bc       0x1e zephyr/arch/arch/arm/core/cortex_m/libarch__arm__core__cortex_m.a(cpu_idle.c.obj)
                0x000000000000a4bc                arch_cpu_atomic_idle
 .text.size_to_mpu_rasr_size
                0x000000000000a4da       0x20 zephyr/arch/arch/arm/core/mpu/libarch__arm__core__mpu.a(arm_mpu.c.obj)
 .text.cbputc   0x000000000000a4fa        0xc zephyr/lib/libc/picolibc/liblib__libc__picolibc.a(cbprintf.c.obj)
 .text.picolibc_put
                0x000000000000a506        0xa zephyr/lib/libc/picolibc/liblib__libc__picolibc.a(stdio.c.obj)
 .text.hid_interface_config
                0x000000000000a510        0x4 zephyr/subsys/usb/device/class/hid/libsubsys__usb__device__class__hid.a(core.c.obj)
 .text.usb_hid_device_init
                0x000000000000a514        0x4 zephyr/subsys/usb/device/class/hid/libsubsys__usb__device__class__hid.a(core.c.obj)
 .text.z_log_msg_simple_create_0
                0x000000000000a518        0x4 zephyr/subsys/usb/device/class/hid/libsubsys__usb__device__class__hid.a(core.c.obj)
 .text.usb_hid_init
                0x000000000000a51c       0x14 zephyr/subsys/usb/device/class/hid/libsubsys__usb__device__class__hid.a(core.c.obj)
                0x000000000000a51c                usb_hid_init
 .text.ep_ctx_reset
                0x000000000000a530       0x26 zephyr/drivers/usb/device/libdrivers__usb__device.a(usb_dc_nrfx.c.obj)
 .text.z_log_msg_simple_create_0.constprop.0
                0x000000000000a556        0x8 zephyr/drivers/usb/device/libdrivers__usb__device.a(usb_dc_nrfx.c.obj)
 .text.k_mutex_lock.constprop.0.isra.0
                0x000000000000a55e        0x4 zephyr/drivers/usb/device/libdrivers__usb__device.a(usb_dc_nrfx.c.obj)
 .text.k_mutex_unlock.isra.0
                0x000000000000a562        0x4 zephyr/drivers/usb/device/libdrivers__usb__device.a(usb_dc_nrfx.c.obj)
 .text.usb_dc_ep_disable
                0x000000000000a566       0x32 zephyr/drivers/usb/device/libdrivers__usb__device.a(usb_dc_nrfx.c.obj)
                0x000000000000a566                usb_dc_ep_disable
 .text.usb_dc_ep_read
                0x000000000000a598       0x1e zephyr/drivers/usb/device/libdrivers__usb__device.a(usb_dc_nrfx.c.obj)
                0x000000000000a598                usb_dc_ep_read
 .text.usb_dc_wakeup_request
                0x000000000000a5b6       0x12 zephyr/drivers/usb/device/libdrivers__usb__device.a(usb_dc_nrfx.c.obj)
                0x000000000000a5b6                usb_dc_wakeup_request
 .text.ep2bit   0x000000000000a5c8       0x10 zephyr/drivers/usb/common/nrf_usbd_common/libdrivers__usb__common__nrf_usbd_common.a(nrf_usbd_common.c.obj)
 .text.nrf_usbd_common_ep_max_packet_size_set
                0x000000000000a5d8        0xa zephyr/drivers/usb/common/nrf_usbd_common/libdrivers__usb__common__nrf_usbd_common.a(nrf_usbd_common.c.obj)
                0x000000000000a5d8                nrf_usbd_common_ep_max_packet_size_set
 .text.nrf_usbd_common_ep_status_get
                0x000000000000a5e2       0x2c zephyr/drivers/usb/common/nrf_usbd_common/libdrivers__usb__common__nrf_usbd_common.a(nrf_usbd_common.c.obj)
                0x000000000000a5e2                nrf_usbd_common_ep_status_get
 .text.get_status
                0x000000000000a60e       0x12 zephyr/drivers/clock_control/libdrivers__clock_control.a(clock_control_nrf.c.obj)
 .text.stop     0x000000000000a620       0x50 zephyr/drivers/clock_control/libdrivers__clock_control.a(clock_control_nrf.c.obj)
 .text.api_stop
                0x000000000000a670        0x6 zephyr/drivers/clock_control/libdrivers__clock_control.a(clock_control_nrf.c.obj)
 .text.async_start
                0x000000000000a676       0x5a zephyr/drivers/clock_control/libdrivers__clock_control.a(clock_control_nrf.c.obj)
 .text.api_start
                0x000000000000a6d0        0xe zephyr/drivers/clock_control/libdrivers__clock_control.a(clock_control_nrf.c.obj)
 .text.onoff_started_callback
                0x000000000000a6de       0x12 zephyr/drivers/clock_control/libdrivers__clock_control.a(clock_control_nrf.c.obj)
 .text.lfclk_start
                0x000000000000a6f0        0x6 zephyr/drivers/clock_control/libdrivers__clock_control.a(clock_control_nrf.c.obj)
 .text.lfclk_stop
                0x000000000000a6f6        0x6 zephyr/drivers/clock_control/libdrivers__clock_control.a(clock_control_nrf.c.obj)
 .text.blocking_start_callback
                0x000000000000a6fc        0x6 zephyr/drivers/clock_control/libdrivers__clock_control.a(clock_control_nrf.c.obj)
 .text.gpio_nrfx_port_get_raw
                0x000000000000a702        0xe zephyr/drivers/gpio/libdrivers__gpio.a(gpio_nrfx.c.obj)
 .text.gpio_nrfx_port_set_masked_raw
                0x000000000000a710       0x18 zephyr/drivers/gpio/libdrivers__gpio.a(gpio_nrfx.c.obj)
 .text.gpio_nrfx_port_set_bits_raw
                0x000000000000a728        0xc zephyr/drivers/gpio/libdrivers__gpio.a(gpio_nrfx.c.obj)
 .text.gpio_nrfx_port_clear_bits_raw
                0x000000000000a734        0xc zephyr/drivers/gpio/libdrivers__gpio.a(gpio_nrfx.c.obj)
 .text.gpio_nrfx_port_toggle_bits
                0x000000000000a740       0x1a zephyr/drivers/gpio/libdrivers__gpio.a(gpio_nrfx.c.obj)
 .text.gpio_nrfx_manage_callback
                0x000000000000a75a       0x52 zephyr/drivers/gpio/libdrivers__gpio.a(gpio_nrfx.c.obj)
 .text.z_impl_hwinfo_get_device_id
                0x000000000000a7ac       0x28 zephyr/drivers/hwinfo/libdrivers__hwinfo.a(hwinfo_nrf.c.obj)
                0x000000000000a7ac                z_impl_hwinfo_get_device_id
 .text.gpio_pin_get
                0x000000000000a7d4       0x28 zephyr/drivers/input/libdrivers__input.a(input_gpio_keys.c.obj)
 .text.gpio_keys_interrupt
                0x000000000000a7fc       0x34 zephyr/drivers/input/libdrivers__input.a(input_gpio_keys.c.obj)
 .text.pinctrl_lookup_state
                0x000000000000a830       0x26 zephyr/drivers/pinctrl/libdrivers__pinctrl.a(common.c.obj)
                0x000000000000a830                pinctrl_lookup_state
 .text.uarte_nrfx_err_check
                0x000000000000a856        0xe zephyr/drivers/serial/libdrivers__serial.a(uart_nrfx_uarte.c.obj)
 .text.uarte_nrfx_poll_in
                0x000000000000a864       0x26 zephyr/drivers/serial/libdrivers__serial.a(uart_nrfx_uarte.c.obj)
 .text.is_tx_ready.isra.0
                0x000000000000a88a       0x20 zephyr/drivers/serial/libdrivers__serial.a(uart_nrfx_uarte.c.obj)
 .text.uarte_nrfx_isr_int
                0x000000000000a8aa       0x42 zephyr/drivers/serial/libdrivers__serial.a(uart_nrfx_uarte.c.obj)
 .text.pinctrl_apply_state.isra.0
                0x000000000000a8ec       0x1e zephyr/drivers/serial/libdrivers__serial.a(uart_nrfx_uarte.c.obj)
 .text.event_clear
                0x000000000000a90a       0x18 zephyr/drivers/timer/libdrivers__timer.a(nrf_rtc_timer.c.obj)
 .text.sys_clock_cycle_get_32
                0x000000000000a922        0x8 zephyr/drivers/timer/libdrivers__timer.a(nrf_rtc_timer.c.obj)
                0x000000000000a922                sys_clock_cycle_get_32
 .text.hw_cc3xx_init_internal
                0x000000000000a92a        0x4 modules/nrf/drivers/hw_cc3xx/lib..__nrf__drivers__hw_cc3xx.a(hw_cc3xx.c.obj)
 .text.hw_cc3xx_init
                0x000000000000a92e       0x12 modules/nrf/drivers/hw_cc3xx/lib..__nrf__drivers__hw_cc3xx.a(hw_cc3xx.c.obj)
 .text.nrfx_isr
                0x000000000000a940        0x2 modules/hal_nordic/modules/hal_nordic/nrfx/libmodules__hal_nordic__nrfx.a(nrfx_glue.c.obj)
                0x000000000000a940                nrfx_isr
 .text.nrfx_busy_wait
                0x000000000000a942        0x4 modules/hal_nordic/modules/hal_nordic/nrfx/libmodules__hal_nordic__nrfx.a(nrfx_glue.c.obj)
                0x000000000000a942                nrfx_busy_wait
 .text.nrfx_gppi_channel_endpoints_setup
                0x000000000000a946       0x14 modules/hal_nordic/modules/hal_nordic/nrfx/libmodules__hal_nordic__nrfx.a(nrfx_gppi_ppi.c.obj)
                0x000000000000a946                nrfx_gppi_channel_endpoints_setup
 .text.nrfx_gppi_channel_alloc
                0x000000000000a95a        0x4 modules/hal_nordic/modules/hal_nordic/nrfx/libmodules__hal_nordic__nrfx.a(nrfx_gppi_ppi.c.obj)
                0x000000000000a95a                nrfx_gppi_channel_alloc
 .text.nrfx_clock_stop
                0x000000000000a95e        0x4 modules/hal_nordic/modules/hal_nordic/nrfx/libmodules__hal_nordic__nrfx.a(nrfx_clock.c.obj)
                0x000000000000a95e                nrfx_clock_stop
 .text.nrf_gpio_reconfigure
                0x000000000000a962       0x92 modules/hal_nordic/modules/hal_nordic/nrfx/libmodules__hal_nordic__nrfx.a(nrfx_gpiote.c.obj)
 .text.nrf_gpio_cfg_sense_set
                0x000000000000a9f4       0x1e modules/hal_nordic/modules/hal_nordic/nrfx/libmodules__hal_nordic__nrfx.a(nrfx_gpiote.c.obj)
 .text.pin_trigger_disable
                0x000000000000aa12       0x48 modules/hal_nordic/modules/hal_nordic/nrfx/libmodules__hal_nordic__nrfx.a(nrfx_gpiote.c.obj)
 .text.nrfx_gpiote_pin_uninit
                0x000000000000aa5a        0x4 modules/hal_nordic/modules/hal_nordic/nrfx/libmodules__hal_nordic__nrfx.a(nrfx_gpiote.c.obj)
                0x000000000000aa5a                nrfx_gpiote_pin_uninit
 .text.nrfx_gpiote_trigger_disable
                0x000000000000aa5e        0x4 modules/hal_nordic/modules/hal_nordic/nrfx/libmodules__hal_nordic__nrfx.a(nrfx_gpiote.c.obj)
                0x000000000000aa5e                nrfx_gpiote_trigger_disable
 .text.nrf_power_event_get_and_clear.constprop.0
                0x000000000000aa62       0x18 modules/hal_nordic/modules/hal_nordic/nrfx/libmodules__hal_nordic__nrfx.a(nrfx_power.c.obj)
 .text.nrfx_power_usbevt_enable
                0x000000000000aa7a        0xe modules/hal_nordic/modules/hal_nordic/nrfx/libmodules__hal_nordic__nrfx.a(nrfx_power.c.obj)
                0x000000000000aa7a                nrfx_power_usbevt_enable
 .text.nrfx_power_usbevt_disable
                0x000000000000aa88        0xe modules/hal_nordic/modules/hal_nordic/nrfx/libmodules__hal_nordic__nrfx.a(nrfx_power.c.obj)
                0x000000000000aa88                nrfx_power_usbevt_disable
 .text.nrfx_power_clock_irq_handler
                0x000000000000aa96        0xe modules/hal_nordic/modules/hal_nordic/nrfx/libmodules__hal_nordic__nrfx.a(nrfx_power.c.obj)
                0x000000000000aa96                nrfx_power_clock_irq_handler
 .text.z_impl_k_busy_wait
                0x000000000000aaa4        0x8 zephyr/kernel/libkernel.a(busy_wait.c.obj)
                0x000000000000aaa4                z_impl_k_busy_wait
 .text.z_device_state_init
                0x000000000000aaac        0x2 zephyr/kernel/libkernel.a(device.c.obj)
                0x000000000000aaac                z_device_state_init
 .text.z_impl_device_is_ready
                0x000000000000aaae       0x16 zephyr/kernel/libkernel.a(device.c.obj)
                0x000000000000aaae                z_impl_device_is_ready
 .text.arch_system_halt
                0x000000000000aac4       0x10 zephyr/kernel/libkernel.a(fatal.c.obj)
                0x000000000000aac4                arch_system_halt
 .text.do_device_init
                0x000000000000aad4       0x2e zephyr/kernel/libkernel.a(init.c.obj)
 .text.z_early_memset
                0x000000000000ab02        0x4 zephyr/kernel/libkernel.a(init.c.obj)
                0x000000000000ab02                z_early_memset
 .text.z_early_memcpy
                0x000000000000ab06        0x4 zephyr/kernel/libkernel.a(init.c.obj)
                0x000000000000ab06                z_early_memcpy
 .text.create_free_list
                0x000000000000ab0a       0x34 zephyr/kernel/libkernel.a(mem_slab.c.obj)
 .text.k_mem_slab_init
                0x000000000000ab3e       0x1c zephyr/kernel/libkernel.a(mem_slab.c.obj)
                0x000000000000ab3e                k_mem_slab_init
 .text.k_mem_slab_free
                0x000000000000ab5a       0x6e zephyr/kernel/libkernel.a(mem_slab.c.obj)
                0x000000000000ab5a                k_mem_slab_free
 .text.idle     0x000000000000abc8       0x16 zephyr/kernel/libkernel.a(idle.c.obj)
                0x000000000000abc8                idle
 .text.unpend_thread_no_timeout
                0x000000000000abde       0x1a zephyr/kernel/libkernel.a(msg_q.c.obj)
 .text.adjust_owner_prio.isra.0
                0x000000000000abf8       0x10 zephyr/kernel/libkernel.a(mutex.c.obj)
 .text.z_impl_k_mutex_init
                0x000000000000ac08        0xe zephyr/kernel/libkernel.a(mutex.c.obj)
                0x000000000000ac08                z_impl_k_mutex_init
 .text.unpend_thread_no_timeout
                0x000000000000ac16       0x1a zephyr/kernel/libkernel.a(queue.c.obj)
 .text.queue_insert
                0x000000000000ac30       0xce zephyr/kernel/libkernel.a(queue.c.obj)
 .text.z_queue_node_peek
                0x000000000000acfe       0x18 zephyr/kernel/libkernel.a(queue.c.obj)
                0x000000000000acfe                z_queue_node_peek
 .text.k_queue_append
                0x000000000000ad16       0x16 zephyr/kernel/libkernel.a(queue.c.obj)
                0x000000000000ad16                k_queue_append
 .text.z_impl_k_sem_init
                0x000000000000ad2c       0x18 zephyr/kernel/libkernel.a(sem.c.obj)
                0x000000000000ad2c                z_impl_k_sem_init
 .text.flag_test_and_clear
                0x000000000000ad44       0x16 zephyr/kernel/libkernel.a(work.c.obj)
 .text.unschedule_locked
                0x000000000000ad5a       0x1e zephyr/kernel/libkernel.a(work.c.obj)
 .text.notify_queue_locked.isra.0
                0x000000000000ad78        0xe zephyr/kernel/libkernel.a(work.c.obj)
 .text.work_timeout
                0x000000000000ad86       0x3c zephyr/kernel/libkernel.a(work.c.obj)
 .text.k_work_init
                0x000000000000adc2       0x12 zephyr/kernel/libkernel.a(work.c.obj)
                0x000000000000adc2                k_work_init
 .text.z_work_submit_to_queue
                0x000000000000add4       0x26 zephyr/kernel/libkernel.a(work.c.obj)
                0x000000000000add4                z_work_submit_to_queue
 .text.k_work_submit_to_queue